
> xindowindow-temp@0.1.0 build
> next build

Γû▓ Next.js 16.2.1 (Turbopack)

  Creating an optimized production build ...
node.exe : 
At line:1 char:1
+ & "C:\Program Files\nodejs/node.exe" 
"C:\Users\akash\AppData\Roaming\ ...
+ ~~~~~~~~~~~~~~~~~~~~~~~~~~~~~~~~~~~~~~~~~~~~~~~~
~~~~~~~~~~~~~~~~~~~~~
    + CategoryInfo          : NotSpecified: (:Str 
   ing) [], RemoteException
    + FullyQualifiedErrorId : NativeCommandError
 
> Build error occurred
Error: Turbopack build failed with 10 errors:
./src/components/ClientsMarquee.tsx:68:1
Expected '</', got '<eof>'
  [90m66 |[0m [32m  )[0m
  [90m67 |[0m [32m}[0m
[31m[1m>[0m [90m68 |[0m
  [90m   |[0m [31m[1m^[0m

Parsing ecmascript source code failed

Import trace:
  Server Component:
    ./src/components/ClientsMarquee.tsx
    ./src/app/page.tsx


./src/components/Gallery.tsx:193:1
Expected '</', got '<eof>'
  [90m191 |[0m   )
  [90m192 |[0m }
[31m[1m>[0m [90m193 |[0m
  [90m    |[0m [31m[1m^[0m

Parsing ecmascript source code failed

Import trace:
  Server Component:
    ./src/components/Gallery.tsx
    ./src/app/page.tsx


./src/components/Testimonials.tsx:158:1
Expected '</', got '<eof>'
  [90m156 |[0m [32m  )[0m
  [90m157 |[0m [32m}[0m
[31m[1m>[0m [90m158 |[0m
  [90m    |[0m [31m[1m^[0m

Parsing ecmascript source code failed

Import trace:
  Server Component:
    ./src/components/Testimonials.tsx
    ./src/app/page.tsx


./src/components/Footer.tsx:48:32
Unterminated template
  [90m46 |[0m               {[[32m'About'[0m, 
[32m'Certifications'[0m, 
[32m'Infrastructure'[0m, [32m'Gallery'[0m, 
[32m'Testimonials'[0m, [32m'C...[0m
  [90m47 |[0m                 <li key={link}>
[31m[1m>[0m [90m48 |[0m                   
<[33mLink[0m 
href={\[32m`#\${link.toLowerCase()}\`} 
className="font-sans font-light...[0m
  [90m   |[0m                                [3
1m[1m^^^^^^^^^^^^^^^^^^^^^^^^^^^^^^^^^^^^^^^^^^^^
^^^^^^^^^^^^^^^^^^[0m
[31m[1m>[0m [90m49 |[0m [32m                
    {link}[0m
  [90m   |[0m 
[31m[1m^^^^^^^^^^^^^^^^^^^^^^^^^^[0m
[31m[1m>[0m [90m50 |[0m [32m                
  </Link>[0m
  [90m   |[0m 
[31m[1m^^^^^^^^^^^^^^^^^^^^^^^^^[0m
[31m[1m>[0m [90m51 |[0m [32m                
</li>[0m
  [90m   |[0m [31m[1m^^^^^^^^^^^^^^^^^^^^^[0m
[31m[1m>[0m [90m52 |[0m [32m              
))}[0m
  [90m   |[0m [31m[1m^^^^^^^^^^^^^^^^^[0m
[31m[1m>[0m [90m53 |[0m [32m            
</ul>[0m
  [90m   |[0m [31m[1m^^^^^^^^^^^^^^^^^[0m
[31m[1m>[0m [90m54 |[0m [32m          
</div>[0m
  [90m   |[0m [31m[1m^^^^^^^^^^^^^^^^[0m
[31m[1m>[0m [90m55 |[0m
  [90m   |[0m [31m[1m^[0m
[31m[1m>[0m [90m56 |[0m [32m          {/* 
Col 3 */}[0m
  [90m   |[0m 
[31m[1m^^^^^^^^^^^^^^^^^^^^^^^[0m
[31m[1m>[0m [90m57 |[0m [32m          <div 
className="flex flex-col">[0m
  [90m   |[0m [31m[1m^^^^^^^^^^^^^^^^^^^^^^^^^
^^^^^^^^^^^^^^^^[0m
[31m[1m>[0m [90m58 |[0m [32m            <h4 
className="font-mono text-[10px] 
text-[var(--color-white)] uppercase track...[0m
  [90m   |[0m [31m[1m^^^^^^^^^^^^^^^^^^^^^^^^^
^^^^^^^^^^^^^^^^^^^^^^^^^^^^^^^^^^^^^^^^^^^^^^^^^^
^^^^^^^^^^^^^^^^^^[0m
[31m[1m>[0m [90m59 |[0m [32m            <ul 
className="flex flex-col gap-4">[0m
  [90m   |[0m [31m[1m^^^^^^^^^^^^^^^^^^^^^^^^^
^^^^^^^^^^^^^^^^^^^^^^^[0m
[31m[1m>[0m [90m60 |[0m [32m              
{['Sliding Windows', 'Sliding Doors', 'Casement 
Windows', 'Casement Doors', ...[0m
  [90m   |[0m [31m[1m^^^^^^^^^^^^^^^^^^^^^^^^^
^^^^^^^^^^^^^^^^^^^^^^^^^^^^^^^^^^^^^^^^^^^^^^^^^^
^^^^^^^^^^^^^^^^^^[0m
[31m[1m>[0m [90m61 |[0m [32m                
<li key={link}>[0m
  [90m   |[0m 
[31m[1m^^^^^^^^^^^^^^^^^^^^^^^^^^^^^^^[0m
[31m[1m>[0m [90m62 |[0m [32m                
  <Link href="#products" className="font-sans 
font-light text-[14px] text-...[0m
  [90m   |[0m [31m[1m^^^^^^^^^^^^^^^^^^^^^^^^^
^^^^^^^^^^^^^^^^^^^^^^^^^^^^^^^^^^^^^^^^^^^^^^^^^^
^^^^^^^^^^^^^^^^^^[0m
[31m[1m>[0m [90m63 |[0m [32m                
    {link}[0m
  [90m   |[0m 
[31m[1m^^^^^^^^^^^^^^^^^^^^^^^^^^[0m
[31m[1m>[0m [90m64 |[0m [32m                
  </Link>[0m
  [90m   |[0m 
[31m[1m^^^^^^^^^^^^^^^^^^^^^^^^^[0m
[31m[1m>[0m [90m65 |[0m [32m                
</li>[0m
  [90m   |[0m [31m[1m^^^^^^^^^^^^^^^^^^^^^[0m
[31m[1m>[0m [90m66 |[0m [32m              
))}[0m
  [90m   |[0m [31m[1m^^^^^^^^^^^^^^^^^[0m
[31m[1m>[0m [90m67 |[0m [32m            
</ul>[0m
  [90m   |[0m [31m[1m^^^^^^^^^^^^^^^^^[0m
[31m[1m>[0m [90m68 |[0m [32m          
</div>[0m
  [90m   |[0m [31m[1m^^^^^^^^^^^^^^^^[0m
[31m[1m>[0m [90m69 |[0m
  [90m   |[0m [31m[1m^[0m
[31m[1m>[0m [90m70 |[0m [32m          {/* 
Col 4 */}[0m
  [90m   |[0m 
[31m[1m^^^^^^^^^^^^^^^^^^^^^^^[0m
[31m[1m>[0m [90m71 |[0m [32m          <div 
className="flex flex-col">[0m
  [90m   |[0m [31m[1m^^^^^^^^^^^^^^^^^^^^^^^^^
^^^^^^^^^^^^^^^^[0m
[31m[1m>[0m [90m72 |[0m [32m            <h4 
className="font-mono text-[10px] 
text-[var(--color-white)] uppercase track...[0m
  [90m   |[0m [31m[1m^^^^^^^^^^^^^^^^^^^^^^^^^
^^^^^^^^^^^^^^^^^^^^^^^^^^^^^^^^^^^^^^^^^^^^^^^^^^
^^^^^^^^^^^^^^^^^^[0m
[31m[1m>[0m [90m73 |[0m [32m            
<div className="flex flex-col gap-4">[0m
  [90m   |[0m [31m[1m^^^^^^^^^^^^^^^^^^^^^^^^^
^^^^^^^^^^^^^^^^^^^^^^^^[0m
[31m[1m>[0m [90m74 |[0m [32m              
<a href="tel:+919444045544" className="font-sans 
font-normal text-[16px] tex...[0m
  [90m   |[0m [31m[1m^^^^^^^^^^^^^^^^^^^^^^^^^
^^^^^^^^^^^^^^^^^^^^^^^^^^^^^^^^^^^^^^^^^^^^^^^^^^
^^^^^^^^^^^^^^^^^^[0m
[31m[1m>[0m [90m75 |[0m [32m                
+91 94440 45544[0m
  [90m   |[0m 
[31m[1m^^^^^^^^^^^^^^^^^^^^^^^^^^^^^^^[0m
[31m[1m>[0m [90m76 |[0m [32m              
</a>[0m
  [90m   |[0m [31m[1m^^^^^^^^^^^^^^^^^^[0m
[31m[1m>[0m [90m77 |[0m [32m              
<a href="https://wa.me/919444045544" 
className="font-sans font-light text-[1...[0m
  [90m   |[0m [31m[1m^^^^^^^^^^^^^^^^^^^^^^^^^
^^^^^^^^^^^^^^^^^^^^^^^^^^^^^^^^^^^^^^^^^^^^^^^^^^
^^^^^^^^^^^^^^^^^^[0m
[31m[1m>[0m [90m78 |[0m [32m                
WhatsApp Connect[0m
  [90m   |[0m 
[31m[1m^^^^^^^^^^^^^^^^^^^^^^^^^^^^^^^^[0m
[31m[1m>[0m [90m79 |[0m [32m              
</a>[0m
  [90m   |[0m [31m[1m^^^^^^^^^^^^^^^^^^[0m
[31m[1m>[0m [90m80 |[0m [32m              
<p className="font-sans font-light text-[14px] 
leading-[1.6] text-[var(--col...[0m
  [90m   |[0m [31m[1m^^^^^^^^^^^^^^^^^^^^^^^^^
^^^^^^^^^^^^^^^^^^^^^^^^^^^^^^^^^^^^^^^^^^^^^^^^^^
^^^^^^^^^^^^^^^^^^[0m
[31m[1m>[0m [90m81 |[0m [32m                
No. 115/62, Canal Bank Road,<br/>[0m
  [90m   |[0m [31m[1m^^^^^^^^^^^^^^^^^^^^^^^^^
^^^^^^^^^^^^^^^^^^^^^^^^[0m
[31m[1m>[0m [90m82 |[0m [32m                
CIT Nagar, Chennai ΓÇö 600035[0m
  [90m   |[0m [31m[1m^^^^^^^^^^^^^^^^^^^^^^^^^
^^^^^^^^^^^^^^^^^^[0m
[31m[1m>[0m [90m83 |[0m [32m              
</p>[0m
  [90m   |[0m [31m[1m^^^^^^^^^^^^^^^^^^[0m
[31m[1m>[0m [90m84 |[0m [32m            
</div>[0m
  [90m   |[0m [31m[1m^^^^^^^^^^^^^^^^^^[0m
[31m[1m>[0m [90m85 |[0m [32m          
</div>[0m
  [90m   |[0m [31m[1m^^^^^^^^^^^^^^^^[0m
[31m[1m>[0m [90m86 |[0m
  [90m   |[0m [31m[1m^[0m
[31m[1m>[0m [90m87 |[0m [32m        
</div>[0m
  [90m   |[0m [31m[1m^^^^^^^^^^^^^^[0m
[31m[1m>[0m [90m88 |[0m
  [90m   |[0m [31m[1m^[0m
[31m[1m>[0m [90m89 |[0m [32m        {/* 
Bottom Bar */}[0m
  [90m   |[0m 
[31m[1m^^^^^^^^^^^^^^^^^^^^^^^^^^[0m
[31m[1m>[0m [90m90 |[0m [32m        <div 
className="border-t border-[#2E2E33] pt-6 flex 
flex-col md:flex-row items-cen...[0m
  [90m   |[0m [31m[1m^^^^^^^^^^^^^^^^^^^^^^^^^
^^^^^^^^^^^^^^^^^^^^^^^^^^^^^^^^^^^^^^^^^^^^^^^^^^
^^^^^^^^^^^^^^^^^^[0m
[31m[1m>[0m [90m91 |[0m [32m          <span 
className="font-mono text-[11px] 
text-[var(--color-silver)]">┬⌐ 2026 XINDO ...[0m
  [90m   |[0m [31m[1m^^^^^^^^^^^^^^^^^^^^^^^^^
^^^^^^^^^^^^^^^^^^^^^^^^^^^^^^^^^^^^^^^^^^^^^^^^^^
^^^^^^^^^^^^^^^^^^[0m
[31m[1m>[0m [90m92 |[0m [32m          <span 
className="font-mono text-[11px] 
text-[var(--color-silver)] uppercase trac...[0m
  [90m   |[0m [31m[1m^^^^^^^^^^^^^^^^^^^^^^^^^
^^^^^^^^^^^^^^^^^^^^^^^^^^^^^^^^^^^^^^^^^^^^^^^^^^
^^^^^^^^^^^^^^^^^^[0m
[31m[1m>[0m [90m93 |[0m [32m        
</div>[0m
  [90m   |[0m [31m[1m^^^^^^^^^^^^^^[0m
[31m[1m>[0m [90m94 |[0m [32m      </div>[0m
  [90m   |[0m [31m[1m^^^^^^^^^^^^[0m
[31m[1m>[0m [90m95 |[0m [32m    
</footer>[0m
  [90m   |[0m [31m[1m^^^^^^^^^^^^^[0m
[31m[1m>[0m [90m96 |[0m [32m  )[0m
  [90m   |[0m [31m[1m^^^[0m
[31m[1m>[0m [90m97 |[0m [32m}[0m
  [90m   |[0m [31m[1m^[0m
[31m[1m>[0m [90m98 |[0m
  [90m   |[0m [31m[1m^[0m

Parsing ecmascript source code failed

Import trace:
  Server Component:
    ./src/components/Footer.tsx
    ./src/app/page.tsx


./src/components/Hero.tsx:71:49
Unterminated template
  [90m 69 |[0m
  [90m 70 |[0m       [36mif[0m 
(textGroupRef.current) {
[31m[1m>[0m [90m 71 |[0m         
textGroupRef.current.style.transform = 
\[32m`translate3d(\${currentX * 0.008}vw, 
\${c...[0m
  [90m    |[0m                                  
               [31m[1m^^^^^^^^^^^^^^^^^^^^^^^^^^
^^^^^^^^^^^^^^^^^^[0m
[31m[1m>[0m [90m 72 |[0m [32m      }[0m
  [90m    |[0m [31m[1m^^^^^^^[0m
[31m[1m>[0m [90m 73 |[0m [32m      if 
(imageWrapperRef.current) {[0m
  [90m    |[0m 
[31m[1m^^^^^^^^^^^^^^^^^^^^^^^^^^^^^^^^^^^^[0m
[31m[1m>[0m [90m 74 |[0m [32m        
imageWrapperRef.current.style.transform = 
\`translate3d(\${currentX * -0.004}vw, ...[0m
  [90m    |[0m [31m[1m^^^^^^^^^^^^^^^^^^^^^^^^
^^^^^^^^^^^^^^^^^^^^^^^^^^^^^^^^^^^^^^^^^^^^^^^^^^
^^^^^^^^^^^^^^^^^^[0m
[31m[1m>[0m [90m 75 |[0m [32m      }[0m
  [90m    |[0m [31m[1m^^^^^^^[0m
[31m[1m>[0m [90m 76 |[0m
  [90m    |[0m [31m[1m^[0m
[31m[1m>[0m [90m 77 |[0m [32m      
requestRef = 
requestAnimationFrame(updateParallax)[0m
  [90m    |[0m [31m[1m^^^^^^^^^^^^^^^^^^^^^^^^
^^^^^^^^^^^^^^^^^^^^^^^^^^^^^^^^[0m
[31m[1m>[0m [90m 78 |[0m [32m    }[0m
  [90m    |[0m [31m[1m^^^^^[0m
[31m[1m>[0m [90m 79 |[0m
  [90m    |[0m [31m[1m^[0m
[31m[1m>[0m [90m 80 |[0m [32m    if 
(!isTouch) {[0m
  [90m    |[0m [31m[1m^^^^^^^^^^^^^^^^^^^[0m
[31m[1m>[0m [90m 81 |[0m [32m      const 
handleMouseMove = (e: MouseEvent) => {[0m
  [90m    |[0m [31m[1m^^^^^^^^^^^^^^^^^^^^^^^^
^^^^^^^^^^^^^^^^^^^^^^^^^^[0m
[31m[1m>[0m [90m 82 |[0m [32m        
targetX = e.clientX - window.innerWidth / 2[0m
  [90m    |[0m [31m[1m^^^^^^^^^^^^^^^^^^^^^^^^
^^^^^^^^^^^^^^^^^^^^^^^^^^^[0m
[31m[1m>[0m [90m 83 |[0m [32m        
targetY = e.clientY - window.innerHeight / 2[0m
  [90m    |[0m [31m[1m^^^^^^^^^^^^^^^^^^^^^^^^
^^^^^^^^^^^^^^^^^^^^^^^^^^^^[0m
[31m[1m>[0m [90m 84 |[0m [32m      }[0m
  [90m    |[0m [31m[1m^^^^^^^[0m
[31m[1m>[0m [90m 85 |[0m [32m      
window.addEventListener('mousemove', 
handleMouseMove)[0m
  [90m    |[0m [31m[1m^^^^^^^^^^^^^^^^^^^^^^^^
^^^^^^^^^^^^^^^^^^^^^^^^^^^^^^^^^^^[0m
[31m[1m>[0m [90m 86 |[0m [32m      
requestRef = 
requestAnimationFrame(updateParallax)[0m
  [90m    |[0m [31m[1m^^^^^^^^^^^^^^^^^^^^^^^^
^^^^^^^^^^^^^^^^^^^^^^^^^^^^^^^^[0m
[31m[1m>[0m [90m 87 |[0m [32m      [0m
  [90m    |[0m [31m[1m^^^^^^[0m
[31m[1m>[0m [90m 88 |[0m [32m      return 
() => {[0m
  [90m    |[0m [31m[1m^^^^^^^^^^^^^^^^^^^^[0m
[31m[1m>[0m [90m 89 |[0m [32m        
window.removeEventListener('mousemove', 
handleMouseMove)[0m
  [90m    |[0m [31m[1m^^^^^^^^^^^^^^^^^^^^^^^^
^^^^^^^^^^^^^^^^^^^^^^^^^^^^^^^^^^^^^^^^[0m
[31m[1m>[0m [90m 90 |[0m [32m        
cancelAnimationFrame(requestRef)[0m
  [90m    |[0m [31m[1m^^^^^^^^^^^^^^^^^^^^^^^^
^^^^^^^^^^^^^^^^[0m
[31m[1m>[0m [90m 91 |[0m [32m      }[0m
  [90m    |[0m [31m[1m^^^^^^^[0m
[31m[1m>[0m [90m 92 |[0m [32m    } else 
{[0m
  [90m    |[0m [31m[1m^^^^^^^^^^^^[0m
[31m[1m>[0m [90m 93 |[0m [32m      // 
Gyroscope tilt[0m
  [90m    |[0m 
[31m[1m^^^^^^^^^^^^^^^^^^^^^^^[0m
[31m[1m>[0m [90m 94 |[0m [32m      const 
handleOrientation = (e: DeviceOrientationEvent) 
=> {[0m
  [90m    |[0m [31m[1m^^^^^^^^^^^^^^^^^^^^^^^^
^^^^^^^^^^^^^^^^^^^^^^^^^^^^^^^^^^^^^^^^[0m
[31m[1m>[0m [90m 95 |[0m [32m        if 
(e.gamma !== null && e.beta !== null) {[0m
  [90m    |[0m [31m[1m^^^^^^^^^^^^^^^^^^^^^^^^
^^^^^^^^^^^^^^^^^^^^^^^^^^[0m
[31m[1m>[0m [90m 96 |[0m [32m          // 
Limit rotation to [-30, 30] degrees mapping to 
[-4px, 4px] roughly[0m
  [90m    |[0m [31m[1m^^^^^^^^^^^^^^^^^^^^^^^^
^^^^^^^^^^^^^^^^^^^^^^^^^^^^^^^^^^^^^^^^^^^^^^^^^^
^^^^^[0m
[31m[1m>[0m [90m 97 |[0m [32m          
targetX = Math.max(-30, Math.min(30, e.gamma)) * 
(4 / 30)[0m
  [90m    |[0m [31m[1m^^^^^^^^^^^^^^^^^^^^^^^^
^^^^^^^^^^^^^^^^^^^^^^^^^^^^^^^^^^^^^^^^^^^[0m
[31m[1m>[0m [90m 98 |[0m [32m          
targetY = Math.max(-30, Math.min(30, e.beta - 
45)) * (4 / 30) // Assuming user ...[0m
  [90m    |[0m [31m[1m^^^^^^^^^^^^^^^^^^^^^^^^
^^^^^^^^^^^^^^^^^^^^^^^^^^^^^^^^^^^^^^^^^^^^^^^^^^
^^^^^^^^^^^^^^^^^^[0m
[31m[1m>[0m [90m 99 |[0m [32m        }[0m
  [90m    |[0m [31m[1m^^^^^^^^^[0m
[31m[1m>[0m [90m100 |[0m [32m      }[0m
  [90m    |[0m [31m[1m^^^^^^^[0m
[31m[1m>[0m [90m101 |[0m
  [90m    |[0m [31m[1m^[0m
[31m[1m>[0m [90m102 |[0m [32m      // 
Request permission for iOS 13+[0m
  [90m    |[0m [31m[1m^^^^^^^^^^^^^^^^^^^^^^^^
^^^^^^^^^^^^^^^[0m
[31m[1m>[0m [90m103 |[0m [32m      if 
(typeof (DeviceOrientationEvent as 
any).requestPermission === 'function') {[0m
  [90m    |[0m [31m[1m^^^^^^^^^^^^^^^^^^^^^^^^
^^^^^^^^^^^^^^^^^^^^^^^^^^^^^^^^^^^^^^^^^^^^^^^^^^
^^^^^^^^^^[0m
[31m[1m>[0m [90m104 |[0m [32m        // 
Must be triggered by user action, so we fallback 
gracefully if not active yet[0m
  [90m    |[0m [31m[1m^^^^^^^^^^^^^^^^^^^^^^^^
^^^^^^^^^^^^^^^^^^^^^^^^^^^^^^^^^^^^^^^^^^^^^^^^^^
^^^^^^^^^^^^^^[0m
[31m[1m>[0m [90m105 |[0m [32m        // A 
click anywhere could request this, but we'll just 
listen if it's already gra...[0m
  [90m    |[0m [31m[1m^^^^^^^^^^^^^^^^^^^^^^^^
^^^^^^^^^^^^^^^^^^^^^^^^^^^^^^^^^^^^^^^^^^^^^^^^^^
^^^^^^^^^^^^^^^^^^[0m
[31m[1m>[0m [90m106 |[0m [32m      }[0m
  [90m    |[0m [31m[1m^^^^^^^[0m
[31m[1m>[0m [90m107 |[0m [32m      [0m
  [90m    |[0m [31m[1m^^^^^^[0m
[31m[1m>[0m [90m108 |[0m [32m      
window.addEventListener('deviceorientation', 
handleOrientation)[0m
  [90m    |[0m [31m[1m^^^^^^^^^^^^^^^^^^^^^^^^
^^^^^^^^^^^^^^^^^^^^^^^^^^^^^^^^^^^^^^^^^^^^^[0m
[31m[1m>[0m [90m109 |[0m [32m      [0m
  [90m    |[0m [31m[1m^^^^^^[0m
[31m[1m>[0m [90m110 |[0m [32m      const 
updateGyro = () => {[0m
  [90m    |[0m 
[31m[1m^^^^^^^^^^^^^^^^^^^^^^^^^^^^^^^^[0m
[31m[1m>[0m [90m111 |[0m [32m        
currentX += (targetX - currentX) * 0.06[0m
  [90m    |[0m [31m[1m^^^^^^^^^^^^^^^^^^^^^^^^
^^^^^^^^^^^^^^^^^^^^^^^[0m
[31m[1m>[0m [90m112 |[0m [32m        
currentY += (targetY - currentY) * 0.06[0m
  [90m    |[0m [31m[1m^^^^^^^^^^^^^^^^^^^^^^^^
^^^^^^^^^^^^^^^^^^^^^^^[0m
[31m[1m>[0m [90m113 |[0m [32m        [0m
  [90m    |[0m [31m[1m^^^^^^^^[0m
[31m[1m>[0m [90m114 |[0m [32m        if 
(textGroupRef.current) {[0m
  [90m    |[0m 
[31m[1m^^^^^^^^^^^^^^^^^^^^^^^^^^^^^^^^^^^[0m
[31m[1m>[0m [90m115 |[0m [32m          
textGroupRef.current.style.transform = 
\`translate3d(\${currentX}px, \${current...[0m
  [90m    |[0m [31m[1m^^^^^^^^^^^^^^^^^^^^^^^^
^^^^^^^^^^^^^^^^^^^^^^^^^^^^^^^^^^^^^^^^^^^^^^^^^^
^^^^^^^^^^^^^^^^^^[0m
[31m[1m>[0m [90m116 |[0m [32m        }[0m
  [90m    |[0m [31m[1m^^^^^^^^^[0m
[31m[1m>[0m [90m117 |[0m [32m        if 
(imageWrapperRef.current) {[0m
  [90m    |[0m [31m[1m^^^^^^^^^^^^^^^^^^^^^^^^
^^^^^^^^^^^^^^[0m
[31m[1m>[0m [90m118 |[0m [32m          
imageWrapperRef.current.style.transform = 
\`translate3d(\${-currentX}px, \${-cu...[0m
  [90m    |[0m [31m[1m^^^^^^^^^^^^^^^^^^^^^^^^
^^^^^^^^^^^^^^^^^^^^^^^^^^^^^^^^^^^^^^^^^^^^^^^^^^
^^^^^^^^^^^^^^^^^^[0m
[31m[1m>[0m [90m119 |[0m [32m        }[0m
  [90m    |[0m [31m[1m^^^^^^^^^[0m
[31m[1m>[0m [90m120 |[0m [32m        
requestRef = requestAnimationFrame(updateGyro)[0m
  [90m    |[0m [31m[1m^^^^^^^^^^^^^^^^^^^^^^^^
^^^^^^^^^^^^^^^^^^^^^^^^^^^^^^[0m
[31m[1m>[0m [90m121 |[0m [32m      }[0m
  [90m    |[0m [31m[1m^^^^^^^[0m
[31m[1m>[0m [90m122 |[0m [32m      
requestRef = requestAnimationFrame(updateGyro)[0m
  [90m    |[0m [31m[1m^^^^^^^^^^^^^^^^^^^^^^^^
^^^^^^^^^^^^^^^^^^^^^^^^^^^^[0m
[31m[1m>[0m [90m123 |[0m
  [90m    |[0m [31m[1m^[0m
[31m[1m>[0m [90m124 |[0m [32m      return 
() => {[0m
  [90m    |[0m [31m[1m^^^^^^^^^^^^^^^^^^^^[0m
[31m[1m>[0m [90m125 |[0m [32m        
window.removeEventListener('deviceorientation', 
handleOrientation)[0m
  [90m    |[0m [31m[1m^^^^^^^^^^^^^^^^^^^^^^^^
^^^^^^^^^^^^^^^^^^^^^^^^^^^^^^^^^^^^^^^^^^^^^^^^^^
[0m
[31m[1m>[0m [90m126 |[0m [32m        
cancelAnimationFrame(requestRef)[0m
  [90m    |[0m [31m[1m^^^^^^^^^^^^^^^^^^^^^^^^
^^^^^^^^^^^^^^^^[0m
[31m[1m>[0m [90m127 |[0m [32m      }[0m
  [90m    |[0m [31m[1m^^^^^^^[0m
[31m[1m>[0m [90m128 |[0m [32m    }[0m
  [90m    |[0m [31m[1m^^^^^[0m
[31m[1m>[0m [90m129 |[0m [32m  }, 
[isTouch])[0m
  [90m    |[0m [31m[1m^^^^^^^^^^^^^^^[0m
[31m[1m>[0m [90m130 |[0m
  [90m    |[0m [31m[1m^[0m
[31m[1m>[0m [90m131 |[0m [32m  return ([0m
  [90m    |[0m [31m[1m^^^^^^^^^^[0m
[31m[1m>[0m [90m132 |[0m [32m    <section 
[0m
  [90m    |[0m [31m[1m^^^^^^^^^^^^^[0m
[31m[1m>[0m [90m133 |[0m [32m      
ref={containerRef}[0m
  [90m    |[0m 
[31m[1m^^^^^^^^^^^^^^^^^^^^^^^^[0m
[31m[1m>[0m [90m134 |[0m [32m      
className="relative w-full h-[100svh] 
bg-[var(--color-black)] overflow-hidden flex 
...[0m
  [90m    |[0m [31m[1m^^^^^^^^^^^^^^^^^^^^^^^^
^^^^^^^^^^^^^^^^^^^^^^^^^^^^^^^^^^^^^^^^^^^^^^^^^^
^^^^^^^^^^^^^^^^^^[0m
[31m[1m>[0m [90m135 |[0m [32m      
data-section-id="01"[0m
  [90m    |[0m 
[31m[1m^^^^^^^^^^^^^^^^^^^^^^^^^^[0m
[31m[1m>[0m [90m136 |[0m [32m    >[0m
  [90m    |[0m [31m[1m^^^^^[0m
[31m[1m>[0m [90m137 |[0m [32m      {/* 
Right parallax image area */}[0m
  [90m    |[0m [31m[1m^^^^^^^^^^^^^^^^^^^^^^^^
^^^^^^^^^^^^^^^[0m
[31m[1m>[0m [90m138 |[0m [32m      <div [0m
  [90m    |[0m [31m[1m^^^^^^^^^^^[0m
[31m[1m>[0m [90m139 |[0m [32m        
ref={imageWrapperRef} [0m
  [90m    |[0m 
[31m[1m^^^^^^^^^^^^^^^^^^^^^^^^^^^^^^[0m
[31m[1m>[0m [90m140 |[0m [32m        
className="absolute right-0 top-0 w-full 
md:w-[55%] h-full z-0 overflow-hidden"[0m
  [90m    |[0m [31m[1m^^^^^^^^^^^^^^^^^^^^^^^^
^^^^^^^^^^^^^^^^^^^^^^^^^^^^^^^^^^^^^^^^^^^^^^^^^^
^^^^^^^^^^^^^[0m
[31m[1m>[0m [90m141 |[0m [32m        
style={{ clipPath: 'inset(0 100% 0 0)' }}[0m
  [90m    |[0m [31m[1m^^^^^^^^^^^^^^^^^^^^^^^^
^^^^^^^^^^^^^^^^^^^^^^^^^[0m
[31m[1m>[0m [90m142 |[0m [32m      >[0m
  [90m    |[0m [31m[1m^^^^^^^[0m
[31m[1m>[0m [90m143 |[0m [32m        <div 
className="absolute inset-0 bg-gradient-to-r 
from-[var(--color-black)] via-[...[0m
  [90m    |[0m [31m[1m^^^^^^^^^^^^^^^^^^^^^^^^
^^^^^^^^^^^^^^^^^^^^^^^^^^^^^^^^^^^^^^^^^^^^^^^^^^
^^^^^^^^^^^^^^^^^^[0m
[31m[1m>[0m [90m144 |[0m [32m        <div 
className="absolute inset-0 bg-[#1A1A1E]" /> {/* 
Placeholder for actul image...[0m
  [90m    |[0m [31m[1m^^^^^^^^^^^^^^^^^^^^^^^^
^^^^^^^^^^^^^^^^^^^^^^^^^^^^^^^^^^^^^^^^^^^^^^^^^^
^^^^^^^^^^^^^^^^^^[0m
[31m[1m>[0m [90m145 |[0m [32m        {/* 
<Image src="/hero-image.jpg" ... /> */}[0m
  [90m    |[0m [31m[1m^^^^^^^^^^^^^^^^^^^^^^^^
^^^^^^^^^^^^^^^^^^^^^^^^^^^[0m
[31m[1m>[0m [90m146 |[0m [32m      
</div>[0m
  [90m    |[0m [31m[1m^^^^^^^^^^^^[0m
[31m[1m>[0m [90m147 |[0m
  [90m    |[0m [31m[1m^[0m
[31m[1m>[0m [90m148 |[0m [32m      <div 
className="w-full max-w-[1400px] mx-auto px-6 
md:px-12 z-20 relative h-full fl...[0m
  [90m    |[0m [31m[1m^^^^^^^^^^^^^^^^^^^^^^^^
^^^^^^^^^^^^^^^^^^^^^^^^^^^^^^^^^^^^^^^^^^^^^^^^^^
^^^^^^^^^^^^^^^^^^[0m
[31m[1m>[0m [90m149 |[0m [32m        [0m
  [90m    |[0m [31m[1m^^^^^^^^[0m
[31m[1m>[0m [90m150 |[0m [32m        {/* 
Label Chip */}[0m
  [90m    |[0m 
[31m[1m^^^^^^^^^^^^^^^^^^^^^^^^^^[0m
[31m[1m>[0m [90m151 |[0m [32m        
<motion.div [0m
  [90m    |[0m [31m[1m^^^^^^^^^^^^^^^^^^^^[0m
[31m[1m>[0m [90m152 |[0m [32m          
initial={{ opacity: 0, y: -12 }}[0m
  [90m    |[0m [31m[1m^^^^^^^^^^^^^^^^^^^^^^^^
^^^^^^^^^^^^^^^^^^[0m
[31m[1m>[0m [90m153 |[0m [32m          
animate={{ opacity: 1, y: 0 }}[0m
  [90m    |[0m [31m[1m^^^^^^^^^^^^^^^^^^^^^^^^
^^^^^^^^^^^^^^^^[0m
[31m[1m>[0m [90m154 |[0m [32m          
transition={{ duration: 0.6, delay: 1.6 }} 
className="mb-8 w-fit"[0m
  [90m    |[0m [31m[1m^^^^^^^^^^^^^^^^^^^^^^^^
^^^^^^^^^^^^^^^^^^^^^^^^^^^^^^^^^^^^^^^^^^^^^^^^^^
^[0m
[31m[1m>[0m [90m155 |[0m [32m        >[0m
  [90m    |[0m [31m[1m^^^^^^^^^[0m
[31m[1m>[0m [90m156 |[0m [32m          <div 
className="px-3 py-1.5 rounded-full border 
border-[rgba(200,16,46,0.3)] bg...[0m
  [90m    |[0m [31m[1m^^^^^^^^^^^^^^^^^^^^^^^^
^^^^^^^^^^^^^^^^^^^^^^^^^^^^^^^^^^^^^^^^^^^^^^^^^^
^^^^^^^^^^^^^^^^^^[0m
[31m[1m>[0m [90m157 |[0m [32m            
<span className="font-mono text-[10px] uppercase 
text-[var(--color-red)] trac...[0m
  [90m    |[0m [31m[1m^^^^^^^^^^^^^^^^^^^^^^^^
^^^^^^^^^^^^^^^^^^^^^^^^^^^^^^^^^^^^^^^^^^^^^^^^^^
^^^^^^^^^^^^^^^^^^[0m
[31m[1m>[0m [90m158 |[0m [32m              
Indo-German Excellence[0m
  [90m    |[0m 
[31m[1m^^^^^^^^^^^^^^^^^^^^^^^^^^^^^^^^^^^^[0m
[31m[1m>[0m [90m159 |[0m [32m            
</span>[0m
  [90m    |[0m [31m[1m^^^^^^^^^^^^^^^^^^^[0m
[31m[1m>[0m [90m160 |[0m [32m          
</div>[0m
  [90m    |[0m [31m[1m^^^^^^^^^^^^^^^^[0m
[31m[1m>[0m [90m161 |[0m [32m        
</motion.div>[0m
  [90m    |[0m 
[31m[1m^^^^^^^^^^^^^^^^^^^^^[0m
[31m[1m>[0m [90m162 |[0m
  [90m    |[0m [31m[1m^[0m
[31m[1m>[0m [90m163 |[0m [32m        {/* 
Text Group for Parallax */}[0m
  [90m    |[0m [31m[1m^^^^^^^^^^^^^^^^^^^^^^^^
^^^^^^^^^^^^^^^[0m
[31m[1m>[0m [90m164 |[0m [32m        <div 
ref={textGroupRef} 
className="will-change-transform">[0m
  [90m    |[0m [31m[1m^^^^^^^^^^^^^^^^^^^^^^^^
^^^^^^^^^^^^^^^^^^^^^^^^^^^^^^^^^^^^^^^^^^[0m
[31m[1m>[0m [90m165 |[0m [32m          <h1 
className="font-display font-light text-[48px] 
md:text-[96px] tracking-[-0....[0m
  [90m    |[0m [31m[1m^^^^^^^^^^^^^^^^^^^^^^^^
^^^^^^^^^^^^^^^^^^^^^^^^^^^^^^^^^^^^^^^^^^^^^^^^^^
^^^^^^^^^^^^^^^^^^[0m
[31m[1m>[0m [90m166 |[0m [32m            
<div ref={line1Ref} className="origin-left">The 
Window &</div>[0m
  [90m    |[0m [31m[1m^^^^^^^^^^^^^^^^^^^^^^^^
^^^^^^^^^^^^^^^^^^^^^^^^^^^^^^^^^^^^^^^^^^^^^^^^^^
[0m
[31m[1m>[0m [90m167 |[0m [32m            
<div ref={line2Ref} className="origin-left ml-6 
md:ml-16">Door Experts</div>[0m
  [90m    |[0m [31m[1m^^^^^^^^^^^^^^^^^^^^^^^^
^^^^^^^^^^^^^^^^^^^^^^^^^^^^^^^^^^^^^^^^^^^^^^^^^^
^^^^^^^^^^^^^^[0m
[31m[1m>[0m [90m168 |[0m [32m          
</h1>[0m
  [90m    |[0m [31m[1m^^^^^^^^^^^^^^^[0m
[31m[1m>[0m [90m169 |[0m
  [90m    |[0m [31m[1m^[0m
[31m[1m>[0m [90m170 |[0m [32m          {/* 
Decorative Line */}[0m
  [90m    |[0m 
[31m[1m^^^^^^^^^^^^^^^^^^^^^^^^^^^^^^^^^[0m
[31m[1m>[0m [90m171 |[0m [32m          <div 
ref={decLineRef} className="h-px w-[200px] 
bg-[var(--color-red)] mt-6 orig...[0m
  [90m    |[0m [31m[1m^^^^^^^^^^^^^^^^^^^^^^^^
^^^^^^^^^^^^^^^^^^^^^^^^^^^^^^^^^^^^^^^^^^^^^^^^^^
^^^^^^^^^^^^^^^^^^[0m
[31m[1m>[0m [90m172 |[0m
  [90m    |[0m [31m[1m^[0m
[31m[1m>[0m [90m173 |[0m [32m          {/* 
Subtext */}[0m
  [90m    |[0m 
[31m[1m^^^^^^^^^^^^^^^^^^^^^^^^^[0m
[31m[1m>[0m [90m174 |[0m [32m          
<motion.p [0m
  [90m    |[0m [31m[1m^^^^^^^^^^^^^^^^^^^^[0m
[31m[1m>[0m [90m175 |[0m [32m            
initial={{ opacity: 0, y: 20 }}[0m
  [90m    |[0m [31m[1m^^^^^^^^^^^^^^^^^^^^^^^^
^^^^^^^^^^^^^^^^^^^[0m
[31m[1m>[0m [90m176 |[0m [32m            
animate={{ opacity: 1, y: 0 }}[0m
  [90m    |[0m [31m[1m^^^^^^^^^^^^^^^^^^^^^^^^
^^^^^^^^^^^^^^^^^^[0m
[31m[1m>[0m [90m177 |[0m [32m            
transition={{ duration: 0.7, delay: 2.3 }} // 
1500 preloader + 800 delay = 2.3[0m
  [90m    |[0m [31m[1m^^^^^^^^^^^^^^^^^^^^^^^^
^^^^^^^^^^^^^^^^^^^^^^^^^^^^^^^^^^^^^^^^^^^^^^^^^^
^^^^^^^^^^^^^^^^[0m
[31m[1m>[0m [90m178 |[0m [32m            
className="mt-8 max-w-[440px] font-sans 
font-light text-[17px] md:text-[18px]...[0m
  [90m    |[0m [31m[1m^^^^^^^^^^^^^^^^^^^^^^^^
^^^^^^^^^^^^^^^^^^^^^^^^^^^^^^^^^^^^^^^^^^^^^^^^^^
^^^^^^^^^^^^^^^^^^[0m
[31m[1m>[0m [90m179 |[0m [32m          >[0m
  [90m    |[0m [31m[1m^^^^^^^^^^^[0m
[31m[1m>[0m [90m180 |[0m [32m            
Premium uPVC Windows & Doors ΓÇö engineered with 
German precision, crafted for ...[0m
  [90m    |[0m [31m[1m^^^^^^^^^^^^^^^^^^^^^^^^
^^^^^^^^^^^^^^^^^^^^^^^^^^^^^^^^^^^^^^^^^^^^^^^^^^
^^^^^^^^^^^^^^^^^^[0m
[31m[1m>[0m [90m181 |[0m [32m          
</motion.p>[0m
  [90m    |[0m 
[31m[1m^^^^^^^^^^^^^^^^^^^^^[0m
[31m[1m>[0m [90m182 |[0m
  [90m    |[0m [31m[1m^[0m
[31m[1m>[0m [90m183 |[0m [32m          {/* 
CTAs */}[0m
  [90m    |[0m 
[31m[1m^^^^^^^^^^^^^^^^^^^^^^[0m
[31m[1m>[0m [90m184 |[0m [32m          
<motion.div [0m
  [90m    |[0m 
[31m[1m^^^^^^^^^^^^^^^^^^^^^^[0m
[31m[1m>[0m [90m185 |[0m [32m            
initial={{ opacity: 0 }} animate={{ opacity: 1 }} 
transition={{ duration: 0.5...[0m
  [90m    |[0m [31m[1m^^^^^^^^^^^^^^^^^^^^^^^^
^^^^^^^^^^^^^^^^^^^^^^^^^^^^^^^^^^^^^^^^^^^^^^^^^^
^^^^^^^^^^^^^^^^^^[0m
[31m[1m>[0m [90m186 |[0m [32m            
className="mt-10 flex flex-col sm:flex-row 
items-center gap-6"[0m
  [90m    |[0m [31m[1m^^^^^^^^^^^^^^^^^^^^^^^^
^^^^^^^^^^^^^^^^^^^^^^^^^^^^^^^^^^^^^^^^^^^^^^^^^^
[0m
[31m[1m>[0m [90m187 |[0m [32m          >[0m
  [90m    |[0m [31m[1m^^^^^^^^^^^[0m
[31m[1m>[0m [90m188 |[0m [32m            
<button [0m
  [90m    |[0m [31m[1m^^^^^^^^^^^^^^^^^^^^[0m
[31m[1m>[0m [90m189 |[0m [32m              
className="group relative overflow-hidden px-8 
py-4 border border-[var(--co...[0m
  [90m    |[0m [31m[1m^^^^^^^^^^^^^^^^^^^^^^^^
^^^^^^^^^^^^^^^^^^^^^^^^^^^^^^^^^^^^^^^^^^^^^^^^^^
^^^^^^^^^^^^^^^^^^[0m
[31m[1m>[0m [90m190 |[0m [32m              
data-cursor-button="true"[0m
  [90m    |[0m [31m[1m^^^^^^^^^^^^^^^^^^^^^^^^
^^^^^^^^^^^^^^^[0m
[31m[1m>[0m [90m191 |[0m [32m            
>[0m
  [90m    |[0m [31m[1m^^^^^^^^^^^^^[0m
[31m[1m>[0m [90m192 |[0m [32m              
<span className="relative z-10 font-sans 
uppercase text-[12px] tracking-wid...[0m
  [90m    |[0m [31m[1m^^^^^^^^^^^^^^^^^^^^^^^^
^^^^^^^^^^^^^^^^^^^^^^^^^^^^^^^^^^^^^^^^^^^^^^^^^^
^^^^^^^^^^^^^^^^^^[0m
[31m[1m>[0m [90m193 |[0m [32m              
<div className="absolute inset-0 
bg-[var(--color-red)] translate-y-[100%] g...[0m
  [90m    |[0m [31m[1m^^^^^^^^^^^^^^^^^^^^^^^^
^^^^^^^^^^^^^^^^^^^^^^^^^^^^^^^^^^^^^^^^^^^^^^^^^^
^^^^^^^^^^^^^^^^^^[0m
[31m[1m>[0m [90m194 |[0m [32m            
</button>[0m
  [90m    |[0m 
[31m[1m^^^^^^^^^^^^^^^^^^^^^[0m
[31m[1m>[0m [90m195 |[0m [32m            
<button [0m
  [90m    |[0m [31m[1m^^^^^^^^^^^^^^^^^^^^[0m
[31m[1m>[0m [90m196 |[0m [32m              
className="group flex items-center 
text-[var(--color-mist)] hover:text-[var...[0m
  [90m    |[0m [31m[1m^^^^^^^^^^^^^^^^^^^^^^^^
^^^^^^^^^^^^^^^^^^^^^^^^^^^^^^^^^^^^^^^^^^^^^^^^^^
^^^^^^^^^^^^^^^^^^[0m
[31m[1m>[0m [90m197 |[0m [32m              
data-cursor="link"[0m
  [90m    |[0m 
[31m[1m^^^^^^^^^^^^^^^^^^^^^^^^^^^^^^^^[0m
[31m[1m>[0m [90m198 |[0m [32m            
>[0m
  [90m    |[0m [31m[1m^^^^^^^^^^^^^[0m
[31m[1m>[0m [90m199 |[0m [32m              
<span className="font-sans uppercase text-[12px] 
tracking-widest mr-2">Requ...[0m
  [90m    |[0m [31m[1m^^^^^^^^^^^^^^^^^^^^^^^^
^^^^^^^^^^^^^^^^^^^^^^^^^^^^^^^^^^^^^^^^^^^^^^^^^^
^^^^^^^^^^^^^^^^^^[0m
[31m[1m>[0m [90m200 |[0m [32m              
<span className="w-8 h-px bg-current 
group-hover:w-12 transition-all durati...[0m
  [90m    |[0m [31m[1m^^^^^^^^^^^^^^^^^^^^^^^^
^^^^^^^^^^^^^^^^^^^^^^^^^^^^^^^^^^^^^^^^^^^^^^^^^^
^^^^^^^^^^^^^^^^^^[0m
[31m[1m>[0m [90m201 |[0m [32m              
<svg className="w-4 h-4 -ml-1 
transition-transform 
group-hover:translate-x-...[0m
  [90m    |[0m [31m[1m^^^^^^^^^^^^^^^^^^^^^^^^
^^^^^^^^^^^^^^^^^^^^^^^^^^^^^^^^^^^^^^^^^^^^^^^^^^
^^^^^^^^^^^^^^^^^^[0m
[31m[1m>[0m [90m202 |[0m [32m            
</button>[0m
  [90m    |[0m 
[31m[1m^^^^^^^^^^^^^^^^^^^^^[0m
[31m[1m>[0m [90m203 |[0m [32m          
</motion.div>[0m
  [90m    |[0m 
[31m[1m^^^^^^^^^^^^^^^^^^^^^^^[0m
[31m[1m>[0m [90m204 |[0m [32m        
</div>[0m
  [90m    |[0m [31m[1m^^^^^^^^^^^^^^[0m
[31m[1m>[0m [90m205 |[0m
  [90m    |[0m [31m[1m^[0m
[31m[1m>[0m [90m206 |[0m [32m        {/* 
Stats Strip */}[0m
  [90m    |[0m 
[31m[1m^^^^^^^^^^^^^^^^^^^^^^^^^^^[0m
[31m[1m>[0m [90m207 |[0m [32m        <div 
className="absolute bottom-6 md:bottom-12 left-0 
w-full px-6 md:px-12 z-20 o...[0m
  [90m    |[0m [31m[1m^^^^^^^^^^^^^^^^^^^^^^^^
^^^^^^^^^^^^^^^^^^^^^^^^^^^^^^^^^^^^^^^^^^^^^^^^^^
^^^^^^^^^^^^^^^^^^[0m
[31m[1m>[0m [90m208 |[0m [32m          
{[[0m
  [90m    |[0m [31m[1m^^^^^^^^^^^^[0m
[31m[1m>[0m [90m209 |[0m [32m            { 
num: '500+', label: 'Projects' },[0m
  [90m    |[0m [31m[1m^^^^^^^^^^^^^^^^^^^^^^^^
^^^^^^^^^^^^^^^^^^^^^^^[0m
[31m[1m>[0m [90m210 |[0m [32m            { 
num: '10yr', label: 'Warranty' },[0m
  [90m    |[0m [31m[1m^^^^^^^^^^^^^^^^^^^^^^^^
^^^^^^^^^^^^^^^^^^^^^^^[0m
[31m[1m>[0m [90m211 |[0m [32m            { 
num: '200+', label: 'Clients' }[0m
  [90m    |[0m [31m[1m^^^^^^^^^^^^^^^^^^^^^^^^
^^^^^^^^^^^^^^^^^^^^^[0m
[31m[1m>[0m [90m212 |[0m [32m          
].map((stat, i) => ([0m
  [90m    |[0m 
[31m[1m^^^^^^^^^^^^^^^^^^^^^^^^^^^^^^[0m
[31m[1m>[0m [90m213 |[0m [32m            
<motion.div[0m
  [90m    |[0m 
[31m[1m^^^^^^^^^^^^^^^^^^^^^^^[0m
[31m[1m>[0m [90m214 |[0m [32m              
key={i}[0m
  [90m    |[0m 
[31m[1m^^^^^^^^^^^^^^^^^^^^^[0m
[31m[1m>[0m [90m215 |[0m [32m              
initial={{ opacity: 0, y: 20 }}[0m
  [90m    |[0m [31m[1m^^^^^^^^^^^^^^^^^^^^^^^^
^^^^^^^^^^^^^^^^^^^^^[0m
[31m[1m>[0m [90m216 |[0m [32m              
animate={{ opacity: 1, y: 0 }}[0m
  [90m    |[0m [31m[1m^^^^^^^^^^^^^^^^^^^^^^^^
^^^^^^^^^^^^^^^^^^^^[0m
[31m[1m>[0m [90m217 |[0m [32m              
transition={{ duration: 0.5, delay: 2.9 + (i * 
0.15) }}[0m
  [90m    |[0m [31m[1m^^^^^^^^^^^^^^^^^^^^^^^^
^^^^^^^^^^^^^^^^^^^^^^^^^^^^^^^^^^^^^^^^^^^^^[0m
[31m[1m>[0m [90m218 |[0m [32m              
className="snap-start flex-shrink-0 min-w-[200px] 
bg-[rgba(255,255,255,0.04...[0m
  [90m    |[0m [31m[1m^^^^^^^^^^^^^^^^^^^^^^^^
^^^^^^^^^^^^^^^^^^^^^^^^^^^^^^^^^^^^^^^^^^^^^^^^^^
^^^^^^^^^^^^^^^^^^[0m
[31m[1m>[0m [90m219 |[0m [32m            
>[0m
  [90m    |[0m [31m[1m^^^^^^^^^^^^^[0m
[31m[1m>[0m [90m220 |[0m [32m              
<div className="font-mono text-[24px] 
md:text-[28px] text-[var(--color-red)...[0m
  [90m    |[0m [31m[1m^^^^^^^^^^^^^^^^^^^^^^^^
^^^^^^^^^^^^^^^^^^^^^^^^^^^^^^^^^^^^^^^^^^^^^^^^^^
^^^^^^^^^^^^^^^^^^[0m
[31m[1m>[0m [90m221 |[0m [32m              
<div className="font-sans text-[11px] uppercase 
text-[var(--color-silver)] ...[0m
  [90m    |[0m [31m[1m^^^^^^^^^^^^^^^^^^^^^^^^
^^^^^^^^^^^^^^^^^^^^^^^^^^^^^^^^^^^^^^^^^^^^^^^^^^
^^^^^^^^^^^^^^^^^^[0m
[31m[1m>[0m [90m222 |[0m [32m            
</motion.div>[0m
  [90m    |[0m 
[31m[1m^^^^^^^^^^^^^^^^^^^^^^^^^[0m
[31m[1m>[0m [90m223 |[0m [32m          
))}[0m
  [90m    |[0m [31m[1m^^^^^^^^^^^^^[0m
[31m[1m>[0m [90m224 |[0m [32m        
</div>[0m
  [90m    |[0m [31m[1m^^^^^^^^^^^^^^[0m
[31m[1m>[0m [90m225 |[0m [32m      
</div>[0m
  [90m    |[0m [31m[1m^^^^^^^^^^^^[0m
[31m[1m>[0m [90m226 |[0m
  [90m    |[0m [31m[1m^[0m
[31m[1m>[0m [90m227 |[0m [32m      {/* 
Watermark text */}[0m
  [90m    |[0m 
[31m[1m^^^^^^^^^^^^^^^^^^^^^^^^^^^^[0m
[31m[1m>[0m [90m228 |[0m [32m      <div 
className="absolute -bottom-5 left-0 w-full 
pointer-events-none z-0 hidden md:...[0m
  [90m    |[0m [31m[1m^^^^^^^^^^^^^^^^^^^^^^^^
^^^^^^^^^^^^^^^^^^^^^^^^^^^^^^^^^^^^^^^^^^^^^^^^^^
^^^^^^^^^^^^^^^^^^[0m
[31m[1m>[0m [90m229 |[0m [32m        <span 
[0m
  [90m    |[0m [31m[1m^^^^^^^^^^^^^^[0m
[31m[1m>[0m [90m230 |[0m [32m          
className="font-display font-light text-[200px] 
leading-none text-transparent t...[0m
  [90m    |[0m [31m[1m^^^^^^^^^^^^^^^^^^^^^^^^
^^^^^^^^^^^^^^^^^^^^^^^^^^^^^^^^^^^^^^^^^^^^^^^^^^
^^^^^^^^^^^^^^^^^^[0m
[31m[1m>[0m [90m231 |[0m [32m          
style={{ WebkitTextStroke: '1px 
var(--color-white)' }}[0m
  [90m    |[0m [31m[1m^^^^^^^^^^^^^^^^^^^^^^^^
^^^^^^^^^^^^^^^^^^^^^^^^^^^^^^^^^^^^^^^^[0m
[31m[1m>[0m [90m232 |[0m [32m        >[0m
  [90m    |[0m [31m[1m^^^^^^^^^[0m
[31m[1m>[0m [90m233 |[0m [32m          
XINDO[0m
  [90m    |[0m [31m[1m^^^^^^^^^^^^^^^[0m
[31m[1m>[0m [90m234 |[0m [32m        
</span>[0m
  [90m    |[0m [31m[1m^^^^^^^^^^^^^^^[0m
[31m[1m>[0m [90m235 |[0m [32m      
</div>[0m
  [90m    |[0m [31m[1m^^^^^^^^^^^^[0m
[31m[1m>[0m [90m236 |[0m [32m    
</section>[0m
  [90m    |[0m [31m[1m^^^^^^^^^^^^^^[0m
[31m[1m>[0m [90m237 |[0m [32m  )[0m
  [90m    |[0m [31m[1m^^^[0m
[31m[1m>[0m [90m238 |[0m [32m}[0m
  [90m    |[0m [31m[1m^[0m
[31m[1m>[0m [90m239 |[0m
  [90m    |[0m [31m[1m^[0m

Parsing ecmascript source code failed

Import trace:
  Server Component:
    ./src/components/Hero.tsx
    ./src/app/page.tsx


./src/components/Navbar.tsx:33:21
Unterminated template
  [90m 31 |[0m     <>
  [90m 32 |[0m       <header
[31m[1m>[0m [90m 33 |[0m         
className={\[32m`fixed top-0 left-0 right-0 
w-full z-[500] transition-all duration-40...[0m
  [90m    |[0m                     [31m[1m^^^^
^^^^^^^^^^^^^^^^^^^^^^^^^^^^^^^^^^^^^^^^^^^^^^^^^^
^^^^^^^^^^^^^^^^^^[0m
[31m[1m>[0m [90m 34 |[0m [32m          
\${scrolled [0m
  [90m    |[0m 
[31m[1m^^^^^^^^^^^^^^^^^^^^^^[0m
[31m[1m>[0m [90m 35 |[0m [32m            ? 
'h-[64px] bg-[rgba(10,10,11,0.85)] 
backdrop-blur-[24px] border-b border-[rg...[0m
  [90m    |[0m [31m[1m^^^^^^^^^^^^^^^^^^^^^^^^
^^^^^^^^^^^^^^^^^^^^^^^^^^^^^^^^^^^^^^^^^^^^^^^^^^
^^^^^^^^^^^^^^^^^^[0m
[31m[1m>[0m [90m 36 |[0m [32m            : 
'h-[80px] bg-transparent border-b 
border-transparent'[0m
  [90m    |[0m [31m[1m^^^^^^^^^^^^^^^^^^^^^^^^
^^^^^^^^^^^^^^^^^^^^^^^^^^^^^^^^^^^^^^^^^^^[0m
[31m[1m>[0m [90m 37 |[0m [32m          }[0m
  [90m    |[0m [31m[1m^^^^^^^^^^^[0m
[31m[1m>[0m [90m 38 |[0m [32m        \`}[0m
  [90m    |[0m [31m[1m^^^^^^^^^^^[0m
[31m[1m>[0m [90m 39 |[0m [32m      >[0m
  [90m    |[0m [31m[1m^^^^^^^[0m
[31m[1m>[0m [90m 40 |[0m [32m        <div 
className="h-full px-6 md:px-12 flex items-center 
justify-between">[0m
  [90m    |[0m [31m[1m^^^^^^^^^^^^^^^^^^^^^^^^
^^^^^^^^^^^^^^^^^^^^^^^^^^^^^^^^^^^^^^^^^^^^^^^^^^
^^^^^^[0m
[31m[1m>[0m [90m 41 |[0m [32m          [0m
  [90m    |[0m [31m[1m^^^^^^^^^^[0m
[31m[1m>[0m [90m 42 |[0m [32m          {/* 
Logo */}[0m
  [90m    |[0m 
[31m[1m^^^^^^^^^^^^^^^^^^^^^^[0m
[31m[1m>[0m [90m 43 |[0m [32m          
<Link href="/" className="flex items-center gap-4 
group" aria-label="Xindo Wind...[0m
  [90m    |[0m [31m[1m^^^^^^^^^^^^^^^^^^^^^^^^
^^^^^^^^^^^^^^^^^^^^^^^^^^^^^^^^^^^^^^^^^^^^^^^^^^
^^^^^^^^^^^^^^^^^^[0m
[31m[1m>[0m [90m 44 |[0m [32m            
<div className="w-[36px] h-[36px] border 
border-[var(--color-red)] flex items...[0m
  [90m    |[0m [31m[1m^^^^^^^^^^^^^^^^^^^^^^^^
^^^^^^^^^^^^^^^^^^^^^^^^^^^^^^^^^^^^^^^^^^^^^^^^^^
^^^^^^^^^^^^^^^^^^[0m
[31m[1m>[0m [90m 45 |[0m [32m              
<span className="font-display text-[18px] 
text-[var(--color-white)]">X</span>[0m
  [90m    |[0m [31m[1m^^^^^^^^^^^^^^^^^^^^^^^^
^^^^^^^^^^^^^^^^^^^^^^^^^^^^^^^^^^^^^^^^^^^^^^^^^^
^^^^^^^^^^^^^^^^^[0m
[31m[1m>[0m [90m 46 |[0m [32m            
</div>[0m
  [90m    |[0m [31m[1m^^^^^^^^^^^^^^^^^^[0m
[31m[1m>[0m [90m 47 |[0m [32m            
<div className="flex flex-col">[0m
  [90m    |[0m [31m[1m^^^^^^^^^^^^^^^^^^^^^^^^
^^^^^^^^^^^^^^^^^^^[0m
[31m[1m>[0m [90m 48 |[0m [32m              
<span className="font-display font-medium 
text-[16px] md:text-[18px] text-[...[0m
  [90m    |[0m [31m[1m^^^^^^^^^^^^^^^^^^^^^^^^
^^^^^^^^^^^^^^^^^^^^^^^^^^^^^^^^^^^^^^^^^^^^^^^^^^
^^^^^^^^^^^^^^^^^^[0m
[31m[1m>[0m [90m 49 |[0m [32m              
<span className="font-sans font-light text-[10px] 
text-[var(--color-silver)...[0m
  [90m    |[0m [31m[1m^^^^^^^^^^^^^^^^^^^^^^^^
^^^^^^^^^^^^^^^^^^^^^^^^^^^^^^^^^^^^^^^^^^^^^^^^^^
^^^^^^^^^^^^^^^^^^[0m
[31m[1m>[0m [90m 50 |[0m [32m            
</div>[0m
  [90m    |[0m [31m[1m^^^^^^^^^^^^^^^^^^[0m
[31m[1m>[0m [90m 51 |[0m [32m          
</Link>[0m
  [90m    |[0m [31m[1m^^^^^^^^^^^^^^^^^[0m
[31m[1m>[0m [90m 52 |[0m
  [90m    |[0m [31m[1m^[0m
[31m[1m>[0m [90m 53 |[0m [32m          {/* 
Desktop Nav */}[0m
  [90m    |[0m 
[31m[1m^^^^^^^^^^^^^^^^^^^^^^^^^^^^^[0m
[31m[1m>[0m [90m 54 |[0m [32m          <nav 
className="hidden md:flex items-center gap-8" 
onMouseLeave={() => setMegaM...[0m
  [90m    |[0m [31m[1m^^^^^^^^^^^^^^^^^^^^^^^^
^^^^^^^^^^^^^^^^^^^^^^^^^^^^^^^^^^^^^^^^^^^^^^^^^^
^^^^^^^^^^^^^^^^^^[0m
[31m[1m>[0m [90m 55 |[0m [32m            
{NAV_LINKS.map((link) => ([0m
  [90m    |[0m [31m[1m^^^^^^^^^^^^^^^^^^^^^^^^
^^^^^^^^^^^^^^[0m
[31m[1m>[0m [90m 56 |[0m [32m              
<div [0m
  [90m    |[0m [31m[1m^^^^^^^^^^^^^^^^^^^[0m
[31m[1m>[0m [90m 57 |[0m [32m               
 key={link.name} [0m
  [90m    |[0m 
[31m[1m^^^^^^^^^^^^^^^^^^^^^^^^^^^^^^^^[0m
[31m[1m>[0m [90m 58 |[0m [32m               
 className="relative py-8"[0m
  [90m    |[0m [31m[1m^^^^^^^^^^^^^^^^^^^^^^^^
^^^^^^^^^^^^^^^^^[0m
[31m[1m>[0m [90m 59 |[0m [32m               
 onMouseEnter={() => link.hasDropdown && 
setMegaMenuOpen(true)}[0m
  [90m    |[0m [31m[1m^^^^^^^^^^^^^^^^^^^^^^^^
^^^^^^^^^^^^^^^^^^^^^^^^^^^^^^^^^^^^^^^^^^^^^^^^^^
^^^^[0m
[31m[1m>[0m [90m 60 |[0m [32m              
>[0m
  [90m    |[0m [31m[1m^^^^^^^^^^^^^^^[0m
[31m[1m>[0m [90m 61 |[0m [32m               
 <Link[0m
  [90m    |[0m 
[31m[1m^^^^^^^^^^^^^^^^^^^^^[0m
[31m[1m>[0m [90m 62 |[0m [32m               
   href={link.href}[0m
  [90m    |[0m 
[31m[1m^^^^^^^^^^^^^^^^^^^^^^^^^^^^^^^^^^[0m
[31m[1m>[0m [90m 63 |[0m [32m               
   data-cursor="link"[0m
  [90m    |[0m 
[31m[1m^^^^^^^^^^^^^^^^^^^^^^^^^^^^^^^^^^^^[0m
[31m[1m>[0m [90m 64 |[0m [32m               
   className="font-sans font-normal uppercase 
text-[11px] tracking-[0.14em...[0m
  [90m    |[0m [31m[1m^^^^^^^^^^^^^^^^^^^^^^^^
^^^^^^^^^^^^^^^^^^^^^^^^^^^^^^^^^^^^^^^^^^^^^^^^^^
^^^^^^^^^^^^^^^^^^[0m
[31m[1m>[0m [90m 65 |[0m [32m               
 >[0m
  [90m    |[0m [31m[1m^^^^^^^^^^^^^^^^^[0m
[31m[1m>[0m [90m 66 |[0m [32m               
   {link.name}[0m
  [90m    |[0m 
[31m[1m^^^^^^^^^^^^^^^^^^^^^^^^^^^^^[0m
[31m[1m>[0m [90m 67 |[0m [32m               
   <span className="absolute bottom-6 left-0 
w-full h-px bg-[var(--color-r...[0m
  [90m    |[0m [31m[1m^^^^^^^^^^^^^^^^^^^^^^^^
^^^^^^^^^^^^^^^^^^^^^^^^^^^^^^^^^^^^^^^^^^^^^^^^^^
^^^^^^^^^^^^^^^^^^[0m
[31m[1m>[0m [90m 68 |[0m [32m               
 </Link>[0m
  [90m    |[0m 
[31m[1m^^^^^^^^^^^^^^^^^^^^^^^[0m
[31m[1m>[0m [90m 69 |[0m [32m               
 [0m
  [90m    |[0m [31m[1m^^^^^^^^^^^^^^^^[0m
[31m[1m>[0m [90m 70 |[0m [32m               
 {/* Mega Menu Hook trigger invisible area */}[0m
  [90m    |[0m [31m[1m^^^^^^^^^^^^^^^^^^^^^^^^
^^^^^^^^^^^^^^^^^^^^^^^^^^^^^^^^^^^^^[0m
[31m[1m>[0m [90m 71 |[0m [32m               
 {link.hasDropdown && megaMenuOpen && ([0m
  [90m    |[0m [31m[1m^^^^^^^^^^^^^^^^^^^^^^^^
^^^^^^^^^^^^^^^^^^^^^^^^^^^^^^[0m
[31m[1m>[0m [90m 72 |[0m [32m               
   <div className="absolute top-[100%] left-1/2 
-translate-x-1/2 w-[80px] ...[0m
  [90m    |[0m [31m[1m^^^^^^^^^^^^^^^^^^^^^^^^
^^^^^^^^^^^^^^^^^^^^^^^^^^^^^^^^^^^^^^^^^^^^^^^^^^
^^^^^^^^^^^^^^^^^^[0m
[31m[1m>[0m [90m 73 |[0m [32m               
 )}[0m
  [90m    |[0m [31m[1m^^^^^^^^^^^^^^^^^^[0m
[31m[1m>[0m [90m 74 |[0m [32m              
</div>[0m
  [90m    |[0m [31m[1m^^^^^^^^^^^^^^^^^^^^[0m
[31m[1m>[0m [90m 75 |[0m [32m            
))}[0m
  [90m    |[0m [31m[1m^^^^^^^^^^^^^^^[0m
[31m[1m>[0m [90m 76 |[0m [32m          
</nav>[0m
  [90m    |[0m [31m[1m^^^^^^^^^^^^^^^^[0m
[31m[1m>[0m [90m 77 |[0m
  [90m    |[0m [31m[1m^[0m
[31m[1m>[0m [90m 78 |[0m [32m          {/* 
Right Section */}[0m
  [90m    |[0m 
[31m[1m^^^^^^^^^^^^^^^^^^^^^^^^^^^^^^^[0m
[31m[1m>[0m [90m 79 |[0m [32m          <div 
className="flex items-center gap-6">[0m
  [90m    |[0m [31m[1m^^^^^^^^^^^^^^^^^^^^^^^^
^^^^^^^^^^^^^^^^^^^^^^^^^^^[0m
[31m[1m>[0m [90m 80 |[0m [32m            <a 
href="tel:+919444045544" className="hidden 
lg:block font-mono text-[12px] ...[0m
  [90m    |[0m [31m[1m^^^^^^^^^^^^^^^^^^^^^^^^
^^^^^^^^^^^^^^^^^^^^^^^^^^^^^^^^^^^^^^^^^^^^^^^^^^
^^^^^^^^^^^^^^^^^^[0m
[31m[1m>[0m [90m 81 |[0m [32m              
+91 94440 45544[0m
  [90m    |[0m 
[31m[1m^^^^^^^^^^^^^^^^^^^^^^^^^^^^^[0m
[31m[1m>[0m [90m 82 |[0m [32m            
</a>[0m
  [90m    |[0m [31m[1m^^^^^^^^^^^^^^^^[0m
[31m[1m>[0m [90m 83 |[0m [32m            
<button [0m
  [90m    |[0m [31m[1m^^^^^^^^^^^^^^^^^^^^[0m
[31m[1m>[0m [90m 84 |[0m [32m              
className="hidden md:block px-6 py-3 border 
border-[rgba(255,255,255,0.1)] ...[0m
  [90m    |[0m [31m[1m^^^^^^^^^^^^^^^^^^^^^^^^
^^^^^^^^^^^^^^^^^^^^^^^^^^^^^^^^^^^^^^^^^^^^^^^^^^
^^^^^^^^^^^^^^^^^^[0m
[31m[1m>[0m [90m 85 |[0m [32m              
data-cursor="button"[0m
  [90m    |[0m 
[31m[1m^^^^^^^^^^^^^^^^^^^^^^^^^^^^^^^^^^[0m
[31m[1m>[0m [90m 86 |[0m [32m            
>[0m
  [90m    |[0m [31m[1m^^^^^^^^^^^^^[0m
[31m[1m>[0m [90m 87 |[0m [32m              
Request Quote[0m
  [90m    |[0m 
[31m[1m^^^^^^^^^^^^^^^^^^^^^^^^^^^[0m
[31m[1m>[0m [90m 88 |[0m [32m            
</button>[0m
  [90m    |[0m 
[31m[1m^^^^^^^^^^^^^^^^^^^^^[0m
[31m[1m>[0m [90m 89 |[0m
  [90m    |[0m [31m[1m^[0m
[31m[1m>[0m [90m 90 |[0m [32m            
{/* Mobile Hamburger */}[0m
  [90m    |[0m 
[31m[1m^^^^^^^^^^^^^^^^^^^^^^^^^^^^^^^^^^^^[0m
[31m[1m>[0m [90m 91 |[0m [32m            
<button [0m
  [90m    |[0m [31m[1m^^^^^^^^^^^^^^^^^^^^[0m
[31m[1m>[0m [90m 92 |[0m [32m              
className="md:hidden flex flex-col justify-center 
items-center w-8 h-8 z-[5...[0m
  [90m    |[0m [31m[1m^^^^^^^^^^^^^^^^^^^^^^^^
^^^^^^^^^^^^^^^^^^^^^^^^^^^^^^^^^^^^^^^^^^^^^^^^^^
^^^^^^^^^^^^^^^^^^[0m
[31m[1m>[0m [90m 93 |[0m [32m              
onClick={() => 
setMobileMenuOpen(!mobileMenuOpen)}[0m
  [90m    |[0m [31m[1m^^^^^^^^^^^^^^^^^^^^^^^^
^^^^^^^^^^^^^^^^^^^^^^^^^^^^^^^^^^^^^^^^[0m
[31m[1m>[0m [90m 94 |[0m [32m              
aria-label="Toggle Menu"[0m
  [90m    |[0m [31m[1m^^^^^^^^^^^^^^^^^^^^^^^^
^^^^^^^^^^^^^^[0m
[31m[1m>[0m [90m 95 |[0m [32m            
>[0m
  [90m    |[0m [31m[1m^^^^^^^^^^^^^[0m
[31m[1m>[0m [90m 96 |[0m [32m              
<span className={\`block w-6 h-[1px] bg-white 
transition-all duration-300 e...[0m
  [90m    |[0m [31m[1m^^^^^^^^^^^^^^^^^^^^^^^^
^^^^^^^^^^^^^^^^^^^^^^^^^^^^^^^^^^^^^^^^^^^^^^^^^^
^^^^^^^^^^^^^^^^^^[0m
[31m[1m>[0m [90m 97 |[0m [32m              
<span className={\`block w-6 h-[1px] bg-white 
transition-all duration-300 e...[0m
  [90m    |[0m [31m[1m^^^^^^^^^^^^^^^^^^^^^^^^
^^^^^^^^^^^^^^^^^^^^^^^^^^^^^^^^^^^^^^^^^^^^^^^^^^
^^^^^^^^^^^^^^^^^^[0m
[31m[1m>[0m [90m 98 |[0m [32m              
<span className={\`block w-6 h-[1px] bg-white 
transition-all duration-300 e...[0m
  [90m    |[0m [31m[1m^^^^^^^^^^^^^^^^^^^^^^^^
^^^^^^^^^^^^^^^^^^^^^^^^^^^^^^^^^^^^^^^^^^^^^^^^^^
^^^^^^^^^^^^^^^^^^[0m
[31m[1m>[0m [90m 99 |[0m [32m            
</button>[0m
  [90m    |[0m 
[31m[1m^^^^^^^^^^^^^^^^^^^^^[0m
[31m[1m>[0m [90m100 |[0m [32m          
</div>[0m
  [90m    |[0m [31m[1m^^^^^^^^^^^^^^^^[0m
[31m[1m>[0m [90m101 |[0m [32m        
</div>[0m
  [90m    |[0m [31m[1m^^^^^^^^^^^^^^[0m
[31m[1m>[0m [90m102 |[0m
  [90m    |[0m [31m[1m^[0m
[31m[1m>[0m [90m103 |[0m [32m        {/* 
Mega Menu Dropdown */}[0m
  [90m    |[0m 
[31m[1m^^^^^^^^^^^^^^^^^^^^^^^^^^^^^^^^^^[0m
[31m[1m>[0m [90m104 |[0m [32m        
<AnimatePresence>[0m
  [90m    |[0m 
[31m[1m^^^^^^^^^^^^^^^^^^^^^^^^^[0m
[31m[1m>[0m [90m105 |[0m [32m          
{megaMenuOpen && ([0m
  [90m    |[0m 
[31m[1m^^^^^^^^^^^^^^^^^^^^^^^^^^^^[0m
[31m[1m>[0m [90m106 |[0m [32m            
<motion.div[0m
  [90m    |[0m 
[31m[1m^^^^^^^^^^^^^^^^^^^^^^^[0m
[31m[1m>[0m [90m107 |[0m [32m              
initial={{ opacity: 0, y: -8 }}[0m
  [90m    |[0m [31m[1m^^^^^^^^^^^^^^^^^^^^^^^^
^^^^^^^^^^^^^^^^^^^^^[0m
[31m[1m>[0m [90m108 |[0m [32m              
animate={{ opacity: 1, y: 0 }}[0m
  [90m    |[0m [31m[1m^^^^^^^^^^^^^^^^^^^^^^^^
^^^^^^^^^^^^^^^^^^^^[0m
[31m[1m>[0m [90m109 |[0m [32m              
exit={{ opacity: 0, y: -4 }}[0m
  [90m    |[0m [31m[1m^^^^^^^^^^^^^^^^^^^^^^^^
^^^^^^^^^^^^^^^^^^[0m
[31m[1m>[0m [90m110 |[0m [32m              
transition={{ duration: 0.25 }}[0m
  [90m    |[0m [31m[1m^^^^^^^^^^^^^^^^^^^^^^^^
^^^^^^^^^^^^^^^^^^^^^[0m
[31m[1m>[0m [90m111 |[0m [32m              
className="absolute top-full left-0 w-full 
h-[320px] bg-[rgba(10,10,11,0.94...[0m
  [90m    |[0m [31m[1m^^^^^^^^^^^^^^^^^^^^^^^^
^^^^^^^^^^^^^^^^^^^^^^^^^^^^^^^^^^^^^^^^^^^^^^^^^^
^^^^^^^^^^^^^^^^^^[0m
[31m[1m>[0m [90m112 |[0m [32m              
onMouseEnter={() => setMegaMenuOpen(true)}[0m
  [90m    |[0m [31m[1m^^^^^^^^^^^^^^^^^^^^^^^^
^^^^^^^^^^^^^^^^^^^^^^^^^^^^^^^^[0m
[31m[1m>[0m [90m113 |[0m [32m              
onMouseLeave={() => setMegaMenuOpen(false)}[0m
  [90m    |[0m [31m[1m^^^^^^^^^^^^^^^^^^^^^^^^
^^^^^^^^^^^^^^^^^^^^^^^^^^^^^^^^^[0m
[31m[1m>[0m [90m114 |[0m [32m            
>[0m
  [90m    |[0m [31m[1m^^^^^^^^^^^^^[0m
[31m[1m>[0m [90m115 |[0m [32m              
<div className="max-w-[1400px] h-full mx-auto 
px-12 py-10 grid grid-cols-4 ...[0m
  [90m    |[0m [31m[1m^^^^^^^^^^^^^^^^^^^^^^^^
^^^^^^^^^^^^^^^^^^^^^^^^^^^^^^^^^^^^^^^^^^^^^^^^^^
^^^^^^^^^^^^^^^^^^[0m
[31m[1m>[0m [90m116 |[0m [32m               
 {/* Product Col 1 */}[0m
  [90m    |[0m 
[31m[1m^^^^^^^^^^^^^^^^^^^^^^^^^^^^^^^^^^^^^[0m
[31m[1m>[0m [90m117 |[0m [32m               
 <div className="flex flex-col">[0m
  [90m    |[0m [31m[1m^^^^^^^^^^^^^^^^^^^^^^^^
^^^^^^^^^^^^^^^^^^^^^^^[0m
[31m[1m>[0m [90m118 |[0m [32m               
   <div className="h-[120px] w-full 
bg-[rgba(255,255,255,0.02)] mb-4 borde...[0m
  [90m    |[0m [31m[1m^^^^^^^^^^^^^^^^^^^^^^^^
^^^^^^^^^^^^^^^^^^^^^^^^^^^^^^^^^^^^^^^^^^^^^^^^^^
^^^^^^^^^^^^^^^^^^[0m
[31m[1m>[0m [90m119 |[0m [32m               
     <span className="font-mono text-[10px] 
text-[var(--color-silver)]">Sl...[0m
  [90m    |[0m [31m[1m^^^^^^^^^^^^^^^^^^^^^^^^
^^^^^^^^^^^^^^^^^^^^^^^^^^^^^^^^^^^^^^^^^^^^^^^^^^
^^^^^^^^^^^^^^^^^^[0m
[31m[1m>[0m [90m120 |[0m [32m               
   </div>[0m
  [90m    |[0m 
[31m[1m^^^^^^^^^^^^^^^^^^^^^^^^[0m
[31m[1m>[0m [90m121 |[0m [32m               
   <h4 className="font-display font-medium 
text-[20px] text-white tracking...[0m
  [90m    |[0m [31m[1m^^^^^^^^^^^^^^^^^^^^^^^^
^^^^^^^^^^^^^^^^^^^^^^^^^^^^^^^^^^^^^^^^^^^^^^^^^^
^^^^^^^^^^^^^^^^^^[0m
[31m[1m>[0m [90m122 |[0m [32m               
   <ul className="flex flex-col gap-2">[0m
  [90m    |[0m [31m[1m^^^^^^^^^^^^^^^^^^^^^^^^
^^^^^^^^^^^^^^^^^^^^^^^^^^^^^^[0m
[31m[1m>[0m [90m123 |[0m [32m               
     <li><Link href="#" className="font-sans 
text-[12px] text-[var(--color...[0m
  [90m    |[0m [31m[1m^^^^^^^^^^^^^^^^^^^^^^^^
^^^^^^^^^^^^^^^^^^^^^^^^^^^^^^^^^^^^^^^^^^^^^^^^^^
^^^^^^^^^^^^^^^^^^[0m
[31m[1m>[0m [90m124 |[0m [32m               
     <li><Link href="#" className="font-sans 
text-[12px] text-[var(--color...[0m
  [90m    |[0m [31m[1m^^^^^^^^^^^^^^^^^^^^^^^^
^^^^^^^^^^^^^^^^^^^^^^^^^^^^^^^^^^^^^^^^^^^^^^^^^^
^^^^^^^^^^^^^^^^^^[0m
[31m[1m>[0m [90m125 |[0m [32m               
   </ul>[0m
  [90m    |[0m 
[31m[1m^^^^^^^^^^^^^^^^^^^^^^^[0m
[31m[1m>[0m [90m126 |[0m [32m               
 </div>[0m
  [90m    |[0m 
[31m[1m^^^^^^^^^^^^^^^^^^^^^^[0m
[31m[1m>[0m [90m127 |[0m [32m               
 {/* Product Col 2 */}[0m
  [90m    |[0m 
[31m[1m^^^^^^^^^^^^^^^^^^^^^^^^^^^^^^^^^^^^^[0m
[31m[1m>[0m [90m128 |[0m [32m               
 <div className="flex flex-col">[0m
  [90m    |[0m [31m[1m^^^^^^^^^^^^^^^^^^^^^^^^
^^^^^^^^^^^^^^^^^^^^^^^[0m
[31m[1m>[0m [90m129 |[0m [32m               
   <div className="h-[120px] w-full 
bg-[rgba(255,255,255,0.02)] mb-4 borde...[0m
  [90m    |[0m [31m[1m^^^^^^^^^^^^^^^^^^^^^^^^
^^^^^^^^^^^^^^^^^^^^^^^^^^^^^^^^^^^^^^^^^^^^^^^^^^
^^^^^^^^^^^^^^^^^^[0m
[31m[1m>[0m [90m130 |[0m [32m               
     <span className="font-mono text-[10px] 
text-[var(--color-silver)]">Ca...[0m
  [90m    |[0m [31m[1m^^^^^^^^^^^^^^^^^^^^^^^^
^^^^^^^^^^^^^^^^^^^^^^^^^^^^^^^^^^^^^^^^^^^^^^^^^^
^^^^^^^^^^^^^^^^^^[0m
[31m[1m>[0m [90m131 |[0m [32m               
   </div>[0m
  [90m    |[0m 
[31m[1m^^^^^^^^^^^^^^^^^^^^^^^^[0m
[31m[1m>[0m [90m132 |[0m [32m               
   <h4 className="font-display font-medium 
text-[20px] text-white tracking...[0m
  [90m    |[0m [31m[1m^^^^^^^^^^^^^^^^^^^^^^^^
^^^^^^^^^^^^^^^^^^^^^^^^^^^^^^^^^^^^^^^^^^^^^^^^^^
^^^^^^^^^^^^^^^^^^[0m
[31m[1m>[0m [90m133 |[0m [32m               
   <ul className="flex flex-col gap-2">[0m
  [90m    |[0m [31m[1m^^^^^^^^^^^^^^^^^^^^^^^^
^^^^^^^^^^^^^^^^^^^^^^^^^^^^^^[0m
[31m[1m>[0m [90m134 |[0m [32m               
     <li><Link href="#" className="font-sans 
text-[12px] text-[var(--color...[0m
  [90m    |[0m [31m[1m^^^^^^^^^^^^^^^^^^^^^^^^
^^^^^^^^^^^^^^^^^^^^^^^^^^^^^^^^^^^^^^^^^^^^^^^^^^
^^^^^^^^^^^^^^^^^^[0m
[31m[1m>[0m [90m135 |[0m [32m               
     <li><Link href="#" className="font-sans 
text-[12px] text-[var(--color...[0m
  [90m    |[0m [31m[1m^^^^^^^^^^^^^^^^^^^^^^^^
^^^^^^^^^^^^^^^^^^^^^^^^^^^^^^^^^^^^^^^^^^^^^^^^^^
^^^^^^^^^^^^^^^^^^[0m
[31m[1m>[0m [90m136 |[0m [32m               
   </ul>[0m
  [90m    |[0m 
[31m[1m^^^^^^^^^^^^^^^^^^^^^^^[0m
[31m[1m>[0m [90m137 |[0m [32m               
 </div>[0m
  [90m    |[0m 
[31m[1m^^^^^^^^^^^^^^^^^^^^^^[0m
[31m[1m>[0m [90m138 |[0m [32m               
 {/* Product Col 3 */}[0m
  [90m    |[0m 
[31m[1m^^^^^^^^^^^^^^^^^^^^^^^^^^^^^^^^^^^^^[0m
[31m[1m>[0m [90m139 |[0m [32m               
 <div className="flex flex-col">[0m
  [90m    |[0m [31m[1m^^^^^^^^^^^^^^^^^^^^^^^^
^^^^^^^^^^^^^^^^^^^^^^^[0m
[31m[1m>[0m [90m140 |[0m [32m               
   <div className="h-[120px] w-full 
bg-[rgba(255,255,255,0.02)] mb-4 borde...[0m
  [90m    |[0m [31m[1m^^^^^^^^^^^^^^^^^^^^^^^^
^^^^^^^^^^^^^^^^^^^^^^^^^^^^^^^^^^^^^^^^^^^^^^^^^^
^^^^^^^^^^^^^^^^^^[0m
[31m[1m>[0m [90m141 |[0m [32m               
     <span className="font-mono text-[10px] 
text-[var(--color-silver)]">Sp...[0m
  [90m    |[0m [31m[1m^^^^^^^^^^^^^^^^^^^^^^^^
^^^^^^^^^^^^^^^^^^^^^^^^^^^^^^^^^^^^^^^^^^^^^^^^^^
^^^^^^^^^^^^^^^^^^[0m
[31m[1m>[0m [90m142 |[0m [32m               
   </div>[0m
  [90m    |[0m 
[31m[1m^^^^^^^^^^^^^^^^^^^^^^^^[0m
[31m[1m>[0m [90m143 |[0m [32m               
   <h4 className="font-display font-medium 
text-[20px] text-white tracking...[0m
  [90m    |[0m [31m[1m^^^^^^^^^^^^^^^^^^^^^^^^
^^^^^^^^^^^^^^^^^^^^^^^^^^^^^^^^^^^^^^^^^^^^^^^^^^
^^^^^^^^^^^^^^^^^^[0m
[31m[1m>[0m [90m144 |[0m [32m               
   <ul className="flex flex-col gap-2">[0m
  [90m    |[0m [31m[1m^^^^^^^^^^^^^^^^^^^^^^^^
^^^^^^^^^^^^^^^^^^^^^^^^^^^^^^[0m
[31m[1m>[0m [90m145 |[0m [32m               
     <li><Link href="#" className="font-sans 
text-[12px] text-[var(--color...[0m
  [90m    |[0m [31m[1m^^^^^^^^^^^^^^^^^^^^^^^^
^^^^^^^^^^^^^^^^^^^^^^^^^^^^^^^^^^^^^^^^^^^^^^^^^^
^^^^^^^^^^^^^^^^^^[0m
[31m[1m>[0m [90m146 |[0m [32m               
     <li><Link href="#" className="font-sans 
text-[12px] text-[var(--color...[0m
  [90m    |[0m [31m[1m^^^^^^^^^^^^^^^^^^^^^^^^
^^^^^^^^^^^^^^^^^^^^^^^^^^^^^^^^^^^^^^^^^^^^^^^^^^
^^^^^^^^^^^^^^^^^^[0m
[31m[1m>[0m [90m147 |[0m [32m               
   </ul>[0m
  [90m    |[0m 
[31m[1m^^^^^^^^^^^^^^^^^^^^^^^[0m
[31m[1m>[0m [90m148 |[0m [32m               
 </div>[0m
  [90m    |[0m 
[31m[1m^^^^^^^^^^^^^^^^^^^^^^[0m
[31m[1m>[0m [90m149 |[0m [32m               
 {/* Product Col 4 */}[0m
  [90m    |[0m 
[31m[1m^^^^^^^^^^^^^^^^^^^^^^^^^^^^^^^^^^^^^[0m
[31m[1m>[0m [90m150 |[0m [32m               
 <div className="flex flex-col">[0m
  [90m    |[0m [31m[1m^^^^^^^^^^^^^^^^^^^^^^^^
^^^^^^^^^^^^^^^^^^^^^^^[0m
[31m[1m>[0m [90m151 |[0m [32m               
   <div className="h-[120px] w-full 
bg-[rgba(255,255,255,0.02)] mb-4 borde...[0m
  [90m    |[0m [31m[1m^^^^^^^^^^^^^^^^^^^^^^^^
^^^^^^^^^^^^^^^^^^^^^^^^^^^^^^^^^^^^^^^^^^^^^^^^^^
^^^^^^^^^^^^^^^^^^[0m
[31m[1m>[0m [90m152 |[0m [32m               
     <span className="font-mono text-[10px] 
text-[var(--color-silver)]">Ac...[0m
  [90m    |[0m [31m[1m^^^^^^^^^^^^^^^^^^^^^^^^
^^^^^^^^^^^^^^^^^^^^^^^^^^^^^^^^^^^^^^^^^^^^^^^^^^
^^^^^^^^^^^^^^^^^^[0m
[31m[1m>[0m [90m153 |[0m [32m               
   </div>[0m
  [90m    |[0m 
[31m[1m^^^^^^^^^^^^^^^^^^^^^^^^[0m
[31m[1m>[0m [90m154 |[0m [32m               
   <h4 className="font-display font-medium 
text-[20px] text-white tracking...[0m
  [90m    |[0m [31m[1m^^^^^^^^^^^^^^^^^^^^^^^^
^^^^^^^^^^^^^^^^^^^^^^^^^^^^^^^^^^^^^^^^^^^^^^^^^^
^^^^^^^^^^^^^^^^^^[0m
[31m[1m>[0m [90m155 |[0m [32m               
   <ul className="flex flex-col gap-2">[0m
  [90m    |[0m [31m[1m^^^^^^^^^^^^^^^^^^^^^^^^
^^^^^^^^^^^^^^^^^^^^^^^^^^^^^^[0m
[31m[1m>[0m [90m156 |[0m [32m               
     <li><Link href="#" className="font-sans 
text-[12px] text-[var(--color...[0m
  [90m    |[0m [31m[1m^^^^^^^^^^^^^^^^^^^^^^^^
^^^^^^^^^^^^^^^^^^^^^^^^^^^^^^^^^^^^^^^^^^^^^^^^^^
^^^^^^^^^^^^^^^^^^[0m
[31m[1m>[0m [90m157 |[0m [32m               
     <li><Link href="#" className="font-sans 
text-[12px] text-[var(--color...[0m
  [90m    |[0m [31m[1m^^^^^^^^^^^^^^^^^^^^^^^^
^^^^^^^^^^^^^^^^^^^^^^^^^^^^^^^^^^^^^^^^^^^^^^^^^^
^^^^^^^^^^^^^^^^^^[0m
[31m[1m>[0m [90m158 |[0m [32m               
   </ul>[0m
  [90m    |[0m 
[31m[1m^^^^^^^^^^^^^^^^^^^^^^^[0m
[31m[1m>[0m [90m159 |[0m [32m               
 </div>[0m
  [90m    |[0m 
[31m[1m^^^^^^^^^^^^^^^^^^^^^^[0m
[31m[1m>[0m [90m160 |[0m [32m              
</div>[0m
  [90m    |[0m [31m[1m^^^^^^^^^^^^^^^^^^^^[0m
[31m[1m>[0m [90m161 |[0m [32m            
</motion.div>[0m
  [90m    |[0m 
[31m[1m^^^^^^^^^^^^^^^^^^^^^^^^^[0m
[31m[1m>[0m [90m162 |[0m [32m          
)}[0m
  [90m    |[0m [31m[1m^^^^^^^^^^^^[0m
[31m[1m>[0m [90m163 |[0m [32m        
</AnimatePresence>[0m
  [90m    |[0m 
[31m[1m^^^^^^^^^^^^^^^^^^^^^^^^^^[0m
[31m[1m>[0m [90m164 |[0m [32m      
</header>[0m
  [90m    |[0m [31m[1m^^^^^^^^^^^^^^^[0m
[31m[1m>[0m [90m165 |[0m
  [90m    |[0m [31m[1m^[0m
[31m[1m>[0m [90m166 |[0m [32m      {/* 
Mobile Full Screen Menu */}[0m
  [90m    |[0m 
[31m[1m^^^^^^^^^^^^^^^^^^^^^^^^^^^^^^^^^^^^^[0m
[31m[1m>[0m [90m167 |[0m [32m      
<AnimatePresence>[0m
  [90m    |[0m 
[31m[1m^^^^^^^^^^^^^^^^^^^^^^^[0m
[31m[1m>[0m [90m168 |[0m [32m        
{mobileMenuOpen && ([0m
  [90m    |[0m 
[31m[1m^^^^^^^^^^^^^^^^^^^^^^^^^^^^[0m
[31m[1m>[0m [90m169 |[0m [32m          
<motion.div[0m
  [90m    |[0m 
[31m[1m^^^^^^^^^^^^^^^^^^^^^[0m
[31m[1m>[0m [90m170 |[0m [32m            
initial={{ clipPath: 'circle(0% at calc(100% - 
32px) 32px)' }}[0m
  [90m    |[0m [31m[1m^^^^^^^^^^^^^^^^^^^^^^^^
^^^^^^^^^^^^^^^^^^^^^^^^^^^^^^^^^^^^^^^^^^^^^^^^^^
[0m
[31m[1m>[0m [90m171 |[0m [32m            
animate={{ clipPath: 'circle(150% at calc(100% - 
32px) 32px)' }}[0m
  [90m    |[0m [31m[1m^^^^^^^^^^^^^^^^^^^^^^^^
^^^^^^^^^^^^^^^^^^^^^^^^^^^^^^^^^^^^^^^^^^^^^^^^^^
^^[0m
[31m[1m>[0m [90m172 |[0m [32m            
exit={{ clipPath: 'circle(0% at calc(100% - 32px) 
32px)' }}[0m
  [90m    |[0m [31m[1m^^^^^^^^^^^^^^^^^^^^^^^^
^^^^^^^^^^^^^^^^^^^^^^^^^^^^^^^^^^^^^^^^^^^^^^^[0
m
[31m[1m>[0m [90m173 |[0m [32m            
transition={{ duration: 0.6, ease: [0.16, 1, 0.3, 
1] }}[0m
  [90m    |[0m [31m[1m^^^^^^^^^^^^^^^^^^^^^^^^
^^^^^^^^^^^^^^^^^^^^^^^^^^^^^^^^^^^^^^^^^^^[0m
[31m[1m>[0m [90m174 |[0m [32m            
className="fixed inset-0 z-[499] 
bg-[rgba(10,10,11,0.96)] backdrop-blur-xl 
md...[0m
  [90m    |[0m [31m[1m^^^^^^^^^^^^^^^^^^^^^^^^
^^^^^^^^^^^^^^^^^^^^^^^^^^^^^^^^^^^^^^^^^^^^^^^^^^
^^^^^^^^^^^^^^^^^^[0m
[31m[1m>[0m [90m175 |[0m [32m          >[0m
  [90m    |[0m [31m[1m^^^^^^^^^^^[0m
[31m[1m>[0m [90m176 |[0m [32m            
<nav className="flex flex-col gap-6 w-full 
mt-10">[0m
  [90m    |[0m [31m[1m^^^^^^^^^^^^^^^^^^^^^^^^
^^^^^^^^^^^^^^^^^^^^^^^^^^^^^^^^^^^^^^[0m
[31m[1m>[0m [90m177 |[0m [32m              
{NAV_LINKS.map((link, i) => ([0m
  [90m    |[0m [31m[1m^^^^^^^^^^^^^^^^^^^^^^^^
^^^^^^^^^^^^^^^^^^^[0m
[31m[1m>[0m [90m178 |[0m [32m               
 <motion.div[0m
  [90m    |[0m 
[31m[1m^^^^^^^^^^^^^^^^^^^^^^^^^^^[0m
[31m[1m>[0m [90m179 |[0m [32m               
   initial={{ opacity: 0, x: 40 }}[0m
  [90m    |[0m [31m[1m^^^^^^^^^^^^^^^^^^^^^^^^
^^^^^^^^^^^^^^^^^^^^^^^^^[0m
[31m[1m>[0m [90m180 |[0m [32m               
   animate={{ opacity: 1, x: 0 }}[0m
  [90m    |[0m [31m[1m^^^^^^^^^^^^^^^^^^^^^^^^
^^^^^^^^^^^^^^^^^^^^^^^^[0m
[31m[1m>[0m [90m181 |[0m [32m               
   transition={{ duration: 0.5, delay: 0.2 + (i * 
0.06), ease: "easeOut" }}[0m
  [90m    |[0m [31m[1m^^^^^^^^^^^^^^^^^^^^^^^^
^^^^^^^^^^^^^^^^^^^^^^^^^^^^^^^^^^^^^^^^^^^^^^^^^^
^^^^^^^^^^^^^^^^[0m
[31m[1m>[0m [90m182 |[0m [32m               
   key={link.name}[0m
  [90m    |[0m 
[31m[1m^^^^^^^^^^^^^^^^^^^^^^^^^^^^^^^^^[0m
[31m[1m>[0m [90m183 |[0m [32m               
 >[0m
  [90m    |[0m [31m[1m^^^^^^^^^^^^^^^^^[0m
[31m[1m>[0m [90m184 |[0m [32m               
   <Link[0m
  [90m    |[0m 
[31m[1m^^^^^^^^^^^^^^^^^^^^^^^[0m
[31m[1m>[0m [90m185 |[0m [32m               
     href={link.href}[0m
  [90m    |[0m 
[31m[1m^^^^^^^^^^^^^^^^^^^^^^^^^^^^^^^^^^^^[0m
[31m[1m>[0m [90m186 |[0m [32m               
     onClick={() => setMobileMenuOpen(false)}[0m
  [90m    |[0m [31m[1m^^^^^^^^^^^^^^^^^^^^^^^^
^^^^^^^^^^^^^^^^^^^^^^^^^^^^^^^^^^^^[0m
[31m[1m>[0m [90m187 |[0m [32m               
     className="font-display font-normal 
text-[36px] tracking-tight text-w...[0m
  [90m    |[0m [31m[1m^^^^^^^^^^^^^^^^^^^^^^^^
^^^^^^^^^^^^^^^^^^^^^^^^^^^^^^^^^^^^^^^^^^^^^^^^^^
^^^^^^^^^^^^^^^^^^[0m
[31m[1m>[0m [90m188 |[0m [32m               
   >[0m
  [90m    |[0m [31m[1m^^^^^^^^^^^^^^^^^^^[0m
[31m[1m>[0m [90m189 |[0m [32m               
     {link.name}[0m
  [90m    |[0m 
[31m[1m^^^^^^^^^^^^^^^^^^^^^^^^^^^^^^^[0m
[31m[1m>[0m [90m190 |[0m [32m               
   </Link>[0m
  [90m    |[0m 
[31m[1m^^^^^^^^^^^^^^^^^^^^^^^^^[0m
[31m[1m>[0m [90m191 |[0m [32m               
 </motion.div>[0m
  [90m    |[0m 
[31m[1m^^^^^^^^^^^^^^^^^^^^^^^^^^^^^[0m
[31m[1m>[0m [90m192 |[0m [32m              
))}[0m
  [90m    |[0m [31m[1m^^^^^^^^^^^^^^^^^[0m
[31m[1m>[0m [90m193 |[0m [32m            
</nav>[0m
  [90m    |[0m [31m[1m^^^^^^^^^^^^^^^^^^[0m
[31m[1m>[0m [90m194 |[0m [32m            
[0m
  [90m    |[0m [31m[1m^^^^^^^^^^^^[0m
[31m[1m>[0m [90m195 |[0m [32m            
<motion.div [0m
  [90m    |[0m 
[31m[1m^^^^^^^^^^^^^^^^^^^^^^^^[0m
[31m[1m>[0m [90m196 |[0m [32m              
initial={{ opacity: 0 }}[0m
  [90m    |[0m [31m[1m^^^^^^^^^^^^^^^^^^^^^^^^
^^^^^^^^^^^^^^[0m
[31m[1m>[0m [90m197 |[0m [32m              
animate={{ opacity: 1 }}[0m
  [90m    |[0m [31m[1m^^^^^^^^^^^^^^^^^^^^^^^^
^^^^^^^^^^^^^^[0m
[31m[1m>[0m [90m198 |[0m [32m              
transition={{ delay: 0.6 }}[0m
  [90m    |[0m [31m[1m^^^^^^^^^^^^^^^^^^^^^^^^
^^^^^^^^^^^^^^^^^[0m
[31m[1m>[0m [90m199 |[0m [32m              
className="mt-16 flex flex-col gap-4 border-t 
border-[rgba(255,255,255,0.1)...[0m
  [90m    |[0m [31m[1m^^^^^^^^^^^^^^^^^^^^^^^^
^^^^^^^^^^^^^^^^^^^^^^^^^^^^^^^^^^^^^^^^^^^^^^^^^^
^^^^^^^^^^^^^^^^^^[0m
[31m[1m>[0m [90m200 |[0m [32m            
>[0m
  [90m    |[0m [31m[1m^^^^^^^^^^^^^[0m
[31m[1m>[0m [90m201 |[0m [32m              
<a href="tel:+919444045544" className="font-mono 
text-[14px] text-white">+9...[0m
  [90m    |[0m [31m[1m^^^^^^^^^^^^^^^^^^^^^^^^
^^^^^^^^^^^^^^^^^^^^^^^^^^^^^^^^^^^^^^^^^^^^^^^^^^
^^^^^^^^^^^^^^^^^^[0m
[31m[1m>[0m [90m202 |[0m [32m              
<a href="https://wa.me/919444045544" 
className="font-mono text-[14px] text-...[0m
  [90m    |[0m [31m[1m^^^^^^^^^^^^^^^^^^^^^^^^
^^^^^^^^^^^^^^^^^^^^^^^^^^^^^^^^^^^^^^^^^^^^^^^^^^
^^^^^^^^^^^^^^^^^^[0m
[31m[1m>[0m [90m203 |[0m [32m              
<button className="px-6 py-3 border 
border-[rgba(255,255,255,0.1)] text-[11...[0m
  [90m    |[0m [31m[1m^^^^^^^^^^^^^^^^^^^^^^^^
^^^^^^^^^^^^^^^^^^^^^^^^^^^^^^^^^^^^^^^^^^^^^^^^^^
^^^^^^^^^^^^^^^^^^[0m
[31m[1m>[0m [90m204 |[0m [32m               
 Request Quote[0m
  [90m    |[0m 
[31m[1m^^^^^^^^^^^^^^^^^^^^^^^^^^^^^[0m
[31m[1m>[0m [90m205 |[0m [32m              
</button>[0m
  [90m    |[0m 
[31m[1m^^^^^^^^^^^^^^^^^^^^^^^[0m
[31m[1m>[0m [90m206 |[0m [32m            
</motion.div>[0m
  [90m    |[0m 
[31m[1m^^^^^^^^^^^^^^^^^^^^^^^^^[0m
[31m[1m>[0m [90m207 |[0m [32m          
</motion.div>[0m
  [90m    |[0m 
[31m[1m^^^^^^^^^^^^^^^^^^^^^^^[0m
[31m[1m>[0m [90m208 |[0m [32m        )}[0m
  [90m    |[0m [31m[1m^^^^^^^^^^[0m
[31m[1m>[0m [90m209 |[0m [32m      
</AnimatePresence>[0m
  [90m    |[0m 
[31m[1m^^^^^^^^^^^^^^^^^^^^^^^^[0m
[31m[1m>[0m [90m210 |[0m [32m    </>[0m
  [90m    |[0m [31m[1m^^^^^^^[0m
[31m[1m>[0m [90m211 |[0m [32m  )[0m
  [90m    |[0m [31m[1m^^^[0m
[31m[1m>[0m [90m212 |[0m [32m}[0m
  [90m    |[0m [31m[1m^[0m
[31m[1m>[0m [90m213 |[0m
  [90m    |[0m [31m[1m^[0m

Parsing ecmascript source code failed

Import trace:
  Server Component:
    ./src/components/Navbar.tsx
    ./src/app/layout.tsx


./src/components/Products.tsx:65:23
Unterminated template
  [90m 63 |[0m           pin: [36mtrue[0m,
  [90m 64 |[0m           scrub: [35m1[0m,
[31m[1m>[0m [90m 65 |[0m           end: () 
=> \[32m`+=\${trackWidth - 
window.innerWidth}\`[0m
  [90m    |[0m                       [31m[1m^^
^^^^^^^^^^^^^^^^^^^^^^^^^^^^^^^^^^^^[0m
[31m[1m>[0m [90m 66 |[0m [32m        }[0m
  [90m    |[0m [31m[1m^^^^^^^^^[0m
[31m[1m>[0m [90m 67 |[0m [32m      })[0m
  [90m    |[0m [31m[1m^^^^^^^^[0m
[31m[1m>[0m [90m 68 |[0m
  [90m    |[0m [31m[1m^[0m
[31m[1m>[0m [90m 69 |[0m [32m      // Image 
reveals per panel[0m
  [90m    |[0m 
[31m[1m^^^^^^^^^^^^^^^^^^^^^^^^^^^^^^^^[0m
[31m[1m>[0m [90m 70 |[0m [32m      
sections.forEach((panel) => {[0m
  [90m    |[0m 
[31m[1m^^^^^^^^^^^^^^^^^^^^^^^^^^^^^^^^^^^[0m
[31m[1m>[0m [90m 71 |[0m [32m        const 
img = 
panel.querySelector('.product-img-reveal')[0m
  [90m    |[0m [31m[1m^^^^^^^^^^^^^^^^^^^^^^^^
^^^^^^^^^^^^^^^^^^^^^^^^^^^^^^^^^^^^^^[0m
[31m[1m>[0m [90m 72 |[0m [32m        if 
(img) {[0m
  [90m    |[0m [31m[1m^^^^^^^^^^^^^^^^^^[0m
[31m[1m>[0m [90m 73 |[0m [32m          
gsap.fromTo(img,[0m
  [90m    |[0m 
[31m[1m^^^^^^^^^^^^^^^^^^^^^^^^^^[0m
[31m[1m>[0m [90m 74 |[0m [32m            { 
clipPath: 'inset(100% 0 0 0)' },[0m
  [90m    |[0m [31m[1m^^^^^^^^^^^^^^^^^^^^^^^^
^^^^^^^^^^^^^^^^^^^^^^[0m
[31m[1m>[0m [90m 75 |[0m [32m            { 
[0m
  [90m    |[0m [31m[1m^^^^^^^^^^^^^^[0m
[31m[1m>[0m [90m 76 |[0m [32m              
clipPath: 'inset(0% 0 0 0)', [0m
  [90m    |[0m [31m[1m^^^^^^^^^^^^^^^^^^^^^^^^
^^^^^^^^^^^^^^^^^^^[0m
[31m[1m>[0m [90m 77 |[0m [32m              
ease: "none",[0m
  [90m    |[0m 
[31m[1m^^^^^^^^^^^^^^^^^^^^^^^^^^^[0m
[31m[1m>[0m [90m 78 |[0m [32m              
scrollTrigger: {[0m
  [90m    |[0m 
[31m[1m^^^^^^^^^^^^^^^^^^^^^^^^^^^^^^[0m
[31m[1m>[0m [90m 79 |[0m [32m               
 trigger: panel,[0m
  [90m    |[0m 
[31m[1m^^^^^^^^^^^^^^^^^^^^^^^^^^^^^^^[0m
[31m[1m>[0m [90m 80 |[0m [32m               
 containerAnimation: pinScroll,[0m
  [90m    |[0m [31m[1m^^^^^^^^^^^^^^^^^^^^^^^^
^^^^^^^^^^^^^^^^^^^^^^[0m
[31m[1m>[0m [90m 81 |[0m [32m               
 start: "left center",[0m
  [90m    |[0m 
[31m[1m^^^^^^^^^^^^^^^^^^^^^^^^^^^^^^^^^^^^^[0m
[31m[1m>[0m [90m 82 |[0m [32m               
 end: "center center",[0m
  [90m    |[0m 
[31m[1m^^^^^^^^^^^^^^^^^^^^^^^^^^^^^^^^^^^^^[0m
[31m[1m>[0m [90m 83 |[0m [32m               
 scrub: true[0m
  [90m    |[0m 
[31m[1m^^^^^^^^^^^^^^^^^^^^^^^^^^^[0m
[31m[1m>[0m [90m 84 |[0m [32m              
}[0m
  [90m    |[0m [31m[1m^^^^^^^^^^^^^^^[0m
[31m[1m>[0m [90m 85 |[0m [32m            
}[0m
  [90m    |[0m [31m[1m^^^^^^^^^^^^^[0m
[31m[1m>[0m [90m 86 |[0m [32m          )[0m
  [90m    |[0m [31m[1m^^^^^^^^^^^[0m
[31m[1m>[0m [90m 87 |[0m [32m        }[0m
  [90m    |[0m [31m[1m^^^^^^^^^[0m
[31m[1m>[0m [90m 88 |[0m [32m      })[0m
  [90m    |[0m [31m[1m^^^^^^^^[0m
[31m[1m>[0m [90m 89 |[0m
  [90m    |[0m [31m[1m^[0m
[31m[1m>[0m [90m 90 |[0m [32m      return 
() => {[0m
  [90m    |[0m [31m[1m^^^^^^^^^^^^^^^^^^^^[0m
[31m[1m>[0m [90m 91 |[0m [32m        
pinScroll.kill()[0m
  [90m    |[0m 
[31m[1m^^^^^^^^^^^^^^^^^^^^^^^^[0m
[31m[1m>[0m [90m 92 |[0m [32m        
ScrollTrigger.getAll().forEach(t => {[0m
  [90m    |[0m [31m[1m^^^^^^^^^^^^^^^^^^^^^^^^
^^^^^^^^^^^^^^^^^^^^^[0m
[31m[1m>[0m [90m 93 |[0m [32m          if 
(t.vars.trigger === containerRef.current) 
t.kill()[0m
  [90m    |[0m [31m[1m^^^^^^^^^^^^^^^^^^^^^^^^
^^^^^^^^^^^^^^^^^^^^^^^^^^^^^^^^^^^^^^^[0m
[31m[1m>[0m [90m 94 |[0m [32m        })[0m
  [90m    |[0m [31m[1m^^^^^^^^^^[0m
[31m[1m>[0m [90m 95 |[0m [32m      }[0m
  [90m    |[0m [31m[1m^^^^^^^[0m
[31m[1m>[0m [90m 96 |[0m [32m    }[0m
  [90m    |[0m [31m[1m^^^^^[0m
[31m[1m>[0m [90m 97 |[0m [32m  }, [])[0m
  [90m    |[0m [31m[1m^^^^^^^^[0m
[31m[1m>[0m [90m 98 |[0m
  [90m    |[0m [31m[1m^[0m
[31m[1m>[0m [90m 99 |[0m [32m  return ([0m
  [90m    |[0m [31m[1m^^^^^^^^^^[0m
[31m[1m>[0m [90m100 |[0m [32m    <section 
[0m
  [90m    |[0m [31m[1m^^^^^^^^^^^^^[0m
[31m[1m>[0m [90m101 |[0m [32m      
ref={containerRef}[0m
  [90m    |[0m 
[31m[1m^^^^^^^^^^^^^^^^^^^^^^^^[0m
[31m[1m>[0m [90m102 |[0m [32m      
className="relative bg-[var(--color-black)] 
w-full lg:h-[100svh] overflow-hidden"[0m
  [90m    |[0m [31m[1m^^^^^^^^^^^^^^^^^^^^^^^^
^^^^^^^^^^^^^^^^^^^^^^^^^^^^^^^^^^^^^^^^^^^^^^^^^^
^^^^^^^^^^^^^[0m
[31m[1m>[0m [90m103 |[0m [32m      
data-section-id="03"[0m
  [90m    |[0m 
[31m[1m^^^^^^^^^^^^^^^^^^^^^^^^^^[0m
[31m[1m>[0m [90m104 |[0m [32m    >[0m
  [90m    |[0m [31m[1m^^^^^[0m
[31m[1m>[0m [90m105 |[0m [32m      <div [0m
  [90m    |[0m [31m[1m^^^^^^^^^^^[0m
[31m[1m>[0m [90m106 |[0m [32m        
ref={trackRef} [0m
  [90m    |[0m 
[31m[1m^^^^^^^^^^^^^^^^^^^^^^^[0m
[31m[1m>[0m [90m107 |[0m [32m        
className={\`flex \${isTouch ? 'flex-col snap-y 
snap-mandatory h-[85svh] overflow...[0m
  [90m    |[0m [31m[1m^^^^^^^^^^^^^^^^^^^^^^^^
^^^^^^^^^^^^^^^^^^^^^^^^^^^^^^^^^^^^^^^^^^^^^^^^^^
^^^^^^^^^^^^^^^^^^[0m
[31m[1m>[0m [90m108 |[0m [32m      >[0m
  [90m    |[0m [31m[1m^^^^^^^[0m
[31m[1m>[0m [90m109 |[0m [32m        
{PRODUCTS.map((prod, idx) => ([0m
  [90m    |[0m [31m[1m^^^^^^^^^^^^^^^^^^^^^^^^
^^^^^^^^^^^^^^[0m
[31m[1m>[0m [90m110 |[0m [32m          <div 
[0m
  [90m    |[0m [31m[1m^^^^^^^^^^^^^^^[0m
[31m[1m>[0m [90m111 |[0m [32m            
key={prod.id} [0m
  [90m    |[0m 
[31m[1m^^^^^^^^^^^^^^^^^^^^^^^^^^[0m
[31m[1m>[0m [90m112 |[0m [32m            
className={\`product-panel relative \${isTouch ? 
'w-full h-full snap-start' :...[0m
  [90m    |[0m [31m[1m^^^^^^^^^^^^^^^^^^^^^^^^
^^^^^^^^^^^^^^^^^^^^^^^^^^^^^^^^^^^^^^^^^^^^^^^^^^
^^^^^^^^^^^^^^^^^^[0m
[31m[1m>[0m [90m113 |[0m [32m          >[0m
  [90m    |[0m [31m[1m^^^^^^^^^^^[0m
[31m[1m>[0m [90m114 |[0m [32m            
{/* Watermark */}[0m
  [90m    |[0m 
[31m[1m^^^^^^^^^^^^^^^^^^^^^^^^^^^^^[0m
[31m[1m>[0m [90m115 |[0m [32m            
<div className="absolute inset-0 flex 
items-center justify-center pointer-eve...[0m
  [90m    |[0m [31m[1m^^^^^^^^^^^^^^^^^^^^^^^^
^^^^^^^^^^^^^^^^^^^^^^^^^^^^^^^^^^^^^^^^^^^^^^^^^^
^^^^^^^^^^^^^^^^^^[0m
[31m[1m>[0m [90m116 |[0m [32m              
<span [0m
  [90m    |[0m [31m[1m^^^^^^^^^^^^^^^^^^^^[0m
[31m[1m>[0m [90m117 |[0m [32m               
 className={\`font-display font-light 
text-transparent \${isTouch ? 'text-...[0m
  [90m    |[0m [31m[1m^^^^^^^^^^^^^^^^^^^^^^^^
^^^^^^^^^^^^^^^^^^^^^^^^^^^^^^^^^^^^^^^^^^^^^^^^^^
^^^^^^^^^^^^^^^^^^[0m
[31m[1m>[0m [90m118 |[0m [32m               
 style={{ WebkitTextStroke: '1px 
var(--color-white)' }}[0m
  [90m    |[0m [31m[1m^^^^^^^^^^^^^^^^^^^^^^^^
^^^^^^^^^^^^^^^^^^^^^^^^^^^^^^^^^^^^^^^^^^^^^^[0m
[31m[1m>[0m [90m119 |[0m [32m              
>[0m
  [90m    |[0m [31m[1m^^^^^^^^^^^^^^^[0m
[31m[1m>[0m [90m120 |[0m [32m               
 {prod.watermark}[0m
  [90m    |[0m 
[31m[1m^^^^^^^^^^^^^^^^^^^^^^^^^^^^^^^^[0m
[31m[1m>[0m [90m121 |[0m [32m              
</span>[0m
  [90m    |[0m 
[31m[1m^^^^^^^^^^^^^^^^^^^^^[0m
[31m[1m>[0m [90m122 |[0m [32m            
</div>[0m
  [90m    |[0m [31m[1m^^^^^^^^^^^^^^^^^^[0m
[31m[1m>[0m [90m123 |[0m
  [90m    |[0m [31m[1m^[0m
[31m[1m>[0m [90m124 |[0m [32m            
{/* Background Image Reveal */}[0m
  [90m    |[0m [31m[1m^^^^^^^^^^^^^^^^^^^^^^^^
^^^^^^^^^^^^^^^^^^^[0m
[31m[1m>[0m [90m125 |[0m [32m            
<div className="absolute inset-0 z-0 
pointer-events-none product-img-reveal" ...[0m
  [90m    |[0m [31m[1m^^^^^^^^^^^^^^^^^^^^^^^^
^^^^^^^^^^^^^^^^^^^^^^^^^^^^^^^^^^^^^^^^^^^^^^^^^^
^^^^^^^^^^^^^^^^^^[0m
[31m[1m>[0m [90m126 |[0m [32m              
<div className="absolute inset-0 bg-gradient-to-b 
from-[rgba(10,10,11,0.2)]...[0m
  [90m    |[0m [31m[1m^^^^^^^^^^^^^^^^^^^^^^^^
^^^^^^^^^^^^^^^^^^^^^^^^^^^^^^^^^^^^^^^^^^^^^^^^^^
^^^^^^^^^^^^^^^^^^[0m
[31m[1m>[0m [90m127 |[0m [32m              
{/* Image Placeholder */}[0m
  [90m    |[0m [31m[1m^^^^^^^^^^^^^^^^^^^^^^^^
^^^^^^^^^^^^^^^[0m
[31m[1m>[0m [90m128 |[0m [32m              
<div className="w-full h-full bg-[#111]" />[0m
  [90m    |[0m [31m[1m^^^^^^^^^^^^^^^^^^^^^^^^
^^^^^^^^^^^^^^^^^^^^^^^^^^^^^^^^^[0m
[31m[1m>[0m [90m129 |[0m [32m            
</div>[0m
  [90m    |[0m [31m[1m^^^^^^^^^^^^^^^^^^[0m
[31m[1m>[0m [90m130 |[0m
  [90m    |[0m [31m[1m^[0m
[31m[1m>[0m [90m131 |[0m [32m            
{/* Content Container */}[0m
  [90m    |[0m 
[31m[1m^^^^^^^^^^^^^^^^^^^^^^^^^^^^^^^^^^^^^[0m
[31m[1m>[0m [90m132 |[0m [32m            
<div className="w-full max-w-[1400px] mx-auto 
px-6 md:px-12 grid grid-cols-1 ...[0m
  [90m    |[0m [31m[1m^^^^^^^^^^^^^^^^^^^^^^^^
^^^^^^^^^^^^^^^^^^^^^^^^^^^^^^^^^^^^^^^^^^^^^^^^^^
^^^^^^^^^^^^^^^^^^[0m
[31m[1m>[0m [90m133 |[0m [32m              
[0m
  [90m    |[0m [31m[1m^^^^^^^^^^^^^^[0m
[31m[1m>[0m [90m134 |[0m [32m              
{/* Left Content */}[0m
  [90m    |[0m 
[31m[1m^^^^^^^^^^^^^^^^^^^^^^^^^^^^^^^^^^[0m
[31m[1m>[0m [90m135 |[0m [32m              
<div className="flex flex-col justify-center 
h-full max-w-[480px]">[0m
  [90m    |[0m [31m[1m^^^^^^^^^^^^^^^^^^^^^^^^
^^^^^^^^^^^^^^^^^^^^^^^^^^^^^^^^^^^^^^^^^^^^^^^^^^
^^^^^^^[0m
[31m[1m>[0m [90m136 |[0m [32m               
 <div className="font-mono text-[10px] 
text-[var(--color-red)] uppercase t...[0m
  [90m    |[0m [31m[1m^^^^^^^^^^^^^^^^^^^^^^^^
^^^^^^^^^^^^^^^^^^^^^^^^^^^^^^^^^^^^^^^^^^^^^^^^^^
^^^^^^^^^^^^^^^^^^[0m
[31m[1m>[0m [90m137 |[0m [32m               
   0{idx + 1} // {prod.type}[0m
  [90m    |[0m [31m[1m^^^^^^^^^^^^^^^^^^^^^^^^
^^^^^^^^^^^^^^^^^^^[0m
[31m[1m>[0m [90m138 |[0m [32m               
 </div>[0m
  [90m    |[0m 
[31m[1m^^^^^^^^^^^^^^^^^^^^^^[0m
[31m[1m>[0m [90m139 |[0m [32m               
 <h2 className="font-display text-[42px] 
md:text-[72px] text-[var(--color-...[0m
  [90m    |[0m [31m[1m^^^^^^^^^^^^^^^^^^^^^^^^
^^^^^^^^^^^^^^^^^^^^^^^^^^^^^^^^^^^^^^^^^^^^^^^^^^
^^^^^^^^^^^^^^^^^^[0m
[31m[1m>[0m [90m140 |[0m [32m               
   {prod.name}[0m
  [90m    |[0m 
[31m[1m^^^^^^^^^^^^^^^^^^^^^^^^^^^^^[0m
[31m[1m>[0m [90m141 |[0m [32m               
 </h2>[0m
  [90m    |[0m 
[31m[1m^^^^^^^^^^^^^^^^^^^^^[0m
[31m[1m>[0m [90m142 |[0m [32m               
 [0m
  [90m    |[0m [31m[1m^^^^^^^^^^^^^^^^[0m
[31m[1m>[0m [90m143 |[0m [32m               
 <p className="font-sans font-light text-[15px] 
md:text-[18px] text-[var(-...[0m
  [90m    |[0m [31m[1m^^^^^^^^^^^^^^^^^^^^^^^^
^^^^^^^^^^^^^^^^^^^^^^^^^^^^^^^^^^^^^^^^^^^^^^^^^^
^^^^^^^^^^^^^^^^^^[0m
[31m[1m>[0m [90m144 |[0m [32m               
   {prod.desc}[0m
  [90m    |[0m 
[31m[1m^^^^^^^^^^^^^^^^^^^^^^^^^^^^^[0m
[31m[1m>[0m [90m145 |[0m [32m               
 </p>[0m
  [90m    |[0m [31m[1m^^^^^^^^^^^^^^^^^^^^[0m
[31m[1m>[0m [90m146 |[0m
  [90m    |[0m [31m[1m^[0m
[31m[1m>[0m [90m147 |[0m [32m               
 <div className="flex flex-col gap-3 mb-12">[0m
  [90m    |[0m [31m[1m^^^^^^^^^^^^^^^^^^^^^^^^
^^^^^^^^^^^^^^^^^^^^^^^^^^^^^^^^^^^[0m
[31m[1m>[0m [90m148 |[0m [32m               
   {prod.links.map(link => ([0m
  [90m    |[0m [31m[1m^^^^^^^^^^^^^^^^^^^^^^^^
^^^^^^^^^^^^^^^^^^^[0m
[31m[1m>[0m [90m149 |[0m [32m               
     <div key={link} className="flex items-center 
gap-3">[0m
  [90m    |[0m [31m[1m^^^^^^^^^^^^^^^^^^^^^^^^
^^^^^^^^^^^^^^^^^^^^^^^^^^^^^^^^^^^^^^^^^^^^^^^^[
0m
[31m[1m>[0m [90m150 |[0m [32m               
       <div className="w-[4px] h-[4px] 
bg-[var(--color-red)] rounded-full" />[0m
  [90m    |[0m [31m[1m^^^^^^^^^^^^^^^^^^^^^^^^
^^^^^^^^^^^^^^^^^^^^^^^^^^^^^^^^^^^^^^^^^^^^^^^^^^
^^^^^^^^^^^^^^^^^^[0m
[31m[1m>[0m [90m151 |[0m [32m               
       <span className="font-sans text-[13px] 
text-[var(--color-silver)] h...[0m
  [90m    |[0m [31m[1m^^^^^^^^^^^^^^^^^^^^^^^^
^^^^^^^^^^^^^^^^^^^^^^^^^^^^^^^^^^^^^^^^^^^^^^^^^^
^^^^^^^^^^^^^^^^^^[0m
[31m[1m>[0m [90m152 |[0m [32m               
     </div>[0m
  [90m    |[0m 
[31m[1m^^^^^^^^^^^^^^^^^^^^^^^^^^[0m
[31m[1m>[0m [90m153 |[0m [32m               
   ))}[0m
  [90m    |[0m 
[31m[1m^^^^^^^^^^^^^^^^^^^^^[0m
[31m[1m>[0m [90m154 |[0m [32m               
 </div>[0m
  [90m    |[0m 
[31m[1m^^^^^^^^^^^^^^^^^^^^^^[0m
[31m[1m>[0m [90m155 |[0m
  [90m    |[0m [31m[1m^[0m
[31m[1m>[0m [90m156 |[0m [32m               
 <button [0m
  [90m    |[0m 
[31m[1m^^^^^^^^^^^^^^^^^^^^^^^^[0m
[31m[1m>[0m [90m157 |[0m [32m               
   data-cursor-button="true"[0m
  [90m    |[0m [31m[1m^^^^^^^^^^^^^^^^^^^^^^^^
^^^^^^^^^^^^^^^^^^^[0m
[31m[1m>[0m [90m158 |[0m [32m               
   className="w-fit group relative px-8 py-4 
border border-[var(--color-re...[0m
  [90m    |[0m [31m[1m^^^^^^^^^^^^^^^^^^^^^^^^
^^^^^^^^^^^^^^^^^^^^^^^^^^^^^^^^^^^^^^^^^^^^^^^^^^
^^^^^^^^^^^^^^^^^^[0m
[31m[1m>[0m [90m159 |[0m [32m               
 >[0m
  [90m    |[0m [31m[1m^^^^^^^^^^^^^^^^^[0m
[31m[1m>[0m [90m160 |[0m [32m               
   <div className="absolute inset-0 
bg-[rgba(200,16,46,0.1)] translate-y-[...[0m
  [90m    |[0m [31m[1m^^^^^^^^^^^^^^^^^^^^^^^^
^^^^^^^^^^^^^^^^^^^^^^^^^^^^^^^^^^^^^^^^^^^^^^^^^^
^^^^^^^^^^^^^^^^^^[0m
[31m[1m>[0m [90m161 |[0m [32m               
   <span className="relative z-10 font-sans 
uppercase text-[12px] tracking...[0m
  [90m    |[0m [31m[1m^^^^^^^^^^^^^^^^^^^^^^^^
^^^^^^^^^^^^^^^^^^^^^^^^^^^^^^^^^^^^^^^^^^^^^^^^^^
^^^^^^^^^^^^^^^^^^[0m
[31m[1m>[0m [90m162 |[0m [32m               
 </button>[0m
  [90m    |[0m 
[31m[1m^^^^^^^^^^^^^^^^^^^^^^^^^[0m
[31m[1m>[0m [90m163 |[0m [32m              
</div>[0m
  [90m    |[0m [31m[1m^^^^^^^^^^^^^^^^^^^^[0m
[31m[1m>[0m [90m164 |[0m
  [90m    |[0m [31m[1m^[0m
[31m[1m>[0m [90m165 |[0m [32m              
{/* Right DrawSVG Graphic */}[0m
  [90m    |[0m [31m[1m^^^^^^^^^^^^^^^^^^^^^^^^
^^^^^^^^^^^^^^^^^^^[0m
[31m[1m>[0m [90m166 |[0m [32m              
<div className="hidden md:flex items-center 
justify-center relative">[0m
  [90m    |[0m [31m[1m^^^^^^^^^^^^^^^^^^^^^^^^
^^^^^^^^^^^^^^^^^^^^^^^^^^^^^^^^^^^^^^^^^^^^^^^^^^
^^^^^^^^^[0m
[31m[1m>[0m [90m167 |[0m [32m               
 <svg width="60%" height="60%" viewBox="0 0 100 
100" className="opacity-80...[0m
  [90m    |[0m [31m[1m^^^^^^^^^^^^^^^^^^^^^^^^
^^^^^^^^^^^^^^^^^^^^^^^^^^^^^^^^^^^^^^^^^^^^^^^^^^
^^^^^^^^^^^^^^^^^^[0m
[31m[1m>[0m [90m168 |[0m [32m               
   {/* Pseudo structural line drawing 
representation to be replaced with r...[0m
  [90m    |[0m [31m[1m^^^^^^^^^^^^^^^^^^^^^^^^
^^^^^^^^^^^^^^^^^^^^^^^^^^^^^^^^^^^^^^^^^^^^^^^^^^
^^^^^^^^^^^^^^^^^^[0m
[31m[1m>[0m [90m169 |[0m [32m               
   <rect x="25" y="20" width="50" height="70" 
fill="none" stroke="var(--co...[0m
  [90m    |[0m [31m[1m^^^^^^^^^^^^^^^^^^^^^^^^
^^^^^^^^^^^^^^^^^^^^^^^^^^^^^^^^^^^^^^^^^^^^^^^^^^
^^^^^^^^^^^^^^^^^^[0m
[31m[1m>[0m [90m170 |[0m [32m               
   <line x1="50" y1="20" x2="50" y2="90" 
stroke="var(--color-red)" strokeW...[0m
  [90m    |[0m [31m[1m^^^^^^^^^^^^^^^^^^^^^^^^
^^^^^^^^^^^^^^^^^^^^^^^^^^^^^^^^^^^^^^^^^^^^^^^^^^
^^^^^^^^^^^^^^^^^^[0m
[31m[1m>[0m [90m171 |[0m [32m               
   <line x1="25" y1="55" x2="75" y2="55" 
stroke="var(--color-red)" strokeW...[0m
  [90m    |[0m [31m[1m^^^^^^^^^^^^^^^^^^^^^^^^
^^^^^^^^^^^^^^^^^^^^^^^^^^^^^^^^^^^^^^^^^^^^^^^^^^
^^^^^^^^^^^^^^^^^^[0m
[31m[1m>[0m [90m172 |[0m [32m               
 </svg>[0m
  [90m    |[0m 
[31m[1m^^^^^^^^^^^^^^^^^^^^^^[0m
[31m[1m>[0m [90m173 |[0m [32m              
</div>[0m
  [90m    |[0m [31m[1m^^^^^^^^^^^^^^^^^^^^[0m
[31m[1m>[0m [90m174 |[0m
  [90m    |[0m [31m[1m^[0m
[31m[1m>[0m [90m175 |[0m [32m            
</div>[0m
  [90m    |[0m [31m[1m^^^^^^^^^^^^^^^^^^[0m
[31m[1m>[0m [90m176 |[0m [32m          
</div>[0m
  [90m    |[0m [31m[1m^^^^^^^^^^^^^^^^[0m
[31m[1m>[0m [90m177 |[0m [32m        ))}[0m
  [90m    |[0m [31m[1m^^^^^^^^^^^[0m
[31m[1m>[0m [90m178 |[0m [32m      
</div>[0m
  [90m    |[0m [31m[1m^^^^^^^^^^^^[0m
[31m[1m>[0m [90m179 |[0m [32m    
</section>[0m
  [90m    |[0m [31m[1m^^^^^^^^^^^^^^[0m
[31m[1m>[0m [90m180 |[0m [32m  )[0m
  [90m    |[0m [31m[1m^^^[0m
[31m[1m>[0m [90m181 |[0m [32m}[0m
  [90m    |[0m [31m[1m^[0m
[31m[1m>[0m [90m182 |[0m
  [90m    |[0m [31m[1m^[0m

Parsing ecmascript source code failed

Import trace:
  Server Component:
    ./src/components/Products.tsx
    ./src/app/page.tsx


./src/components/QuoteForm.tsx:131:27
Unterminated template
  [90m129 |[0m               
disabled={isSubmitting || isSuccess}
  [90m130 |[0m               
data-cursor-button=[32m"true"[0m
[31m[1m>[0m [90m131 |[0m               
className={\[32m`relative w-full overflow-hidden 
mt-4 group flex items-center j...[0m
  [90m    |[0m                           [31m[
1m^^^^^^^^^^^^^^^^^^^^^^^^^^^^^^^^^^^^^^^^^^^^^^^^
^^^^^^^^^^^^^^^^^^[0m
[31m[1m>[0m [90m132 |[0m [32m            
>[0m
  [90m    |[0m [31m[1m^^^^^^^^^^^^^[0m
[31m[1m>[0m [90m133 |[0m [32m              
{!isSuccess && <div className="absolute inset-0 
bg-[var(--color-red)] trans...[0m
  [90m    |[0m [31m[1m^^^^^^^^^^^^^^^^^^^^^^^^
^^^^^^^^^^^^^^^^^^^^^^^^^^^^^^^^^^^^^^^^^^^^^^^^^^
^^^^^^^^^^^^^^^^^^[0m
[31m[1m>[0m [90m134 |[0m [32m              
[0m
  [90m    |[0m [31m[1m^^^^^^^^^^^^^^[0m
[31m[1m>[0m [90m135 |[0m [32m              
<span className={\`relative z-10 font-sans 
uppercase text-[12px] tracking-[...[0m
  [90m    |[0m [31m[1m^^^^^^^^^^^^^^^^^^^^^^^^
^^^^^^^^^^^^^^^^^^^^^^^^^^^^^^^^^^^^^^^^^^^^^^^^^^
^^^^^^^^^^^^^^^^^^[0m
[31m[1m>[0m [90m136 |[0m [32m               
 {isSubmitting ? ([0m
  [90m    |[0m 
[31m[1m^^^^^^^^^^^^^^^^^^^^^^^^^^^^^^^^^[0m
[31m[1m>[0m [90m137 |[0m [32m               
   <span className="flex items-center gap-3">[0m
  [90m    |[0m [31m[1m^^^^^^^^^^^^^^^^^^^^^^^^
^^^^^^^^^^^^^^^^^^^^^^^^^^^^^^^^^^^^[0m
[31m[1m>[0m [90m138 |[0m [32m               
     <span className="w-4 h-4 border-2 
border-transparent border-t-[var(--...[0m
  [90m    |[0m [31m[1m^^^^^^^^^^^^^^^^^^^^^^^^
^^^^^^^^^^^^^^^^^^^^^^^^^^^^^^^^^^^^^^^^^^^^^^^^^^
^^^^^^^^^^^^^^^^^^[0m
[31m[1m>[0m [90m139 |[0m [32m               
     Processing[0m
  [90m    |[0m 
[31m[1m^^^^^^^^^^^^^^^^^^^^^^^^^^^^^^[0m
[31m[1m>[0m [90m140 |[0m [32m               
   </span>[0m
  [90m    |[0m 
[31m[1m^^^^^^^^^^^^^^^^^^^^^^^^^[0m
[31m[1m>[0m [90m141 |[0m [32m               
 ) : isSuccess ? ([0m
  [90m    |[0m 
[31m[1m^^^^^^^^^^^^^^^^^^^^^^^^^^^^^^^^^[0m
[31m[1m>[0m [90m142 |[0m [32m               
   <span className="flex items-center gap-2">Γ£ô 
We'll be in touch shortly.<...[0m
  [90m    |[0m [31m[1m^^^^^^^^^^^^^^^^^^^^^^^^
^^^^^^^^^^^^^^^^^^^^^^^^^^^^^^^^^^^^^^^^^^^^^^^^^^
^^^^^^^^^^^^^^^^^^[0m
[31m[1m>[0m [90m143 |[0m [32m               
 ) : ([0m
  [90m    |[0m 
[31m[1m^^^^^^^^^^^^^^^^^^^^^[0m
[31m[1m>[0m [90m144 |[0m [32m               
   "Submit Request ->"[0m
  [90m    |[0m 
[31m[1m^^^^^^^^^^^^^^^^^^^^^^^^^^^^^^^^^^^^^[0m
[31m[1m>[0m [90m145 |[0m [32m               
 )}[0m
  [90m    |[0m [31m[1m^^^^^^^^^^^^^^^^^^[0m
[31m[1m>[0m [90m146 |[0m [32m              
</span>[0m
  [90m    |[0m 
[31m[1m^^^^^^^^^^^^^^^^^^^^^[0m
[31m[1m>[0m [90m147 |[0m [32m            
</button>[0m
  [90m    |[0m 
[31m[1m^^^^^^^^^^^^^^^^^^^^^[0m
[31m[1m>[0m [90m148 |[0m [32m          
</form>[0m
  [90m    |[0m [31m[1m^^^^^^^^^^^^^^^^^[0m
[31m[1m>[0m [90m149 |[0m [32m        
</div>[0m
  [90m    |[0m [31m[1m^^^^^^^^^^^^^^[0m
[31m[1m>[0m [90m150 |[0m
  [90m    |[0m [31m[1m^[0m
[31m[1m>[0m [90m151 |[0m [32m        {/* 
Right Column: Contact Info */}[0m
  [90m    |[0m [31m[1m^^^^^^^^^^^^^^^^^^^^^^^^
^^^^^^^^^^^^^^^^^^[0m
[31m[1m>[0m [90m152 |[0m [32m        <div 
className="flex flex-col w-full h-full lg:pl-16 
mt-8 md:mt-0 pt-16 md:pt-0 b...[0m
  [90m    |[0m [31m[1m^^^^^^^^^^^^^^^^^^^^^^^^
^^^^^^^^^^^^^^^^^^^^^^^^^^^^^^^^^^^^^^^^^^^^^^^^^^
^^^^^^^^^^^^^^^^^^[0m
[31m[1m>[0m [90m153 |[0m [32m          [0m
  [90m    |[0m [31m[1m^^^^^^^^^^[0m
[31m[1m>[0m [90m154 |[0m [32m          <div 
className="font-mono text-[10px] uppercase 
text-[var(--color-silver)] trac...[0m
  [90m    |[0m [31m[1m^^^^^^^^^^^^^^^^^^^^^^^^
^^^^^^^^^^^^^^^^^^^^^^^^^^^^^^^^^^^^^^^^^^^^^^^^^^
^^^^^^^^^^^^^^^^^^[0m
[31m[1m>[0m [90m155 |[0m [32m          [0m
  [90m    |[0m [31m[1m^^^^^^^^^^[0m
[31m[1m>[0m [90m156 |[0m [32m          <div 
className="flex flex-col gap-12">[0m
  [90m    |[0m [31m[1m^^^^^^^^^^^^^^^^^^^^^^^^
^^^^^^^^^^^^^^^^^^^^^^^^[0m
[31m[1m>[0m [90m157 |[0m [32m            
<div>[0m
  [90m    |[0m [31m[1m^^^^^^^^^^^^^^^^^[0m
[31m[1m>[0m [90m158 |[0m [32m              
<div className="font-mono text-[10px] 
text-[var(--color-red)] uppercase tra...[0m
  [90m    |[0m [31m[1m^^^^^^^^^^^^^^^^^^^^^^^^
^^^^^^^^^^^^^^^^^^^^^^^^^^^^^^^^^^^^^^^^^^^^^^^^^^
^^^^^^^^^^^^^^^^^^[0m
[31m[1m>[0m [90m159 |[0m [32m              
<p className="font-sans font-normal text-[16px] 
leading-[1.6] text-[var(--c...[0m
  [90m    |[0m [31m[1m^^^^^^^^^^^^^^^^^^^^^^^^
^^^^^^^^^^^^^^^^^^^^^^^^^^^^^^^^^^^^^^^^^^^^^^^^^^
^^^^^^^^^^^^^^^^^^[0m
[31m[1m>[0m [90m160 |[0m [32m               
 No. 115/62, Canal Bank Road,<br/>[0m
  [90m    |[0m [31m[1m^^^^^^^^^^^^^^^^^^^^^^^^
^^^^^^^^^^^^^^^^^^^^^^^^^[0m
[31m[1m>[0m [90m161 |[0m [32m               
 CIT Nagar, Chennai ΓÇö 600035, India[0m
  [90m    |[0m [31m[1m^^^^^^^^^^^^^^^^^^^^^^^^
^^^^^^^^^^^^^^^^^^^^^^^^^^[0m
[31m[1m>[0m [90m162 |[0m [32m              
</p>[0m
  [90m    |[0m [31m[1m^^^^^^^^^^^^^^^^^^[0m
[31m[1m>[0m [90m163 |[0m [32m            
</div>[0m
  [90m    |[0m [31m[1m^^^^^^^^^^^^^^^^^^[0m
[31m[1m>[0m [90m164 |[0m
  [90m    |[0m [31m[1m^[0m
[31m[1m>[0m [90m165 |[0m [32m            
<div>[0m
  [90m    |[0m [31m[1m^^^^^^^^^^^^^^^^^[0m
[31m[1m>[0m [90m166 |[0m [32m              
<div className="font-mono text-[10px] 
text-[var(--color-red)] uppercase tra...[0m
  [90m    |[0m [31m[1m^^^^^^^^^^^^^^^^^^^^^^^^
^^^^^^^^^^^^^^^^^^^^^^^^^^^^^^^^^^^^^^^^^^^^^^^^^^
^^^^^^^^^^^^^^^^^^[0m
[31m[1m>[0m [90m167 |[0m [32m              
<a [0m
  [90m    |[0m [31m[1m^^^^^^^^^^^^^^^^^[0m
[31m[1m>[0m [90m168 |[0m [32m               
 href="tel:+919444045544" [0m
  [90m    |[0m [31m[1m^^^^^^^^^^^^^^^^^^^^^^^^
^^^^^^^^^^^^^^^^^[0m
[31m[1m>[0m [90m169 |[0m [32m               
 data-cursor="link"[0m
  [90m    |[0m 
[31m[1m^^^^^^^^^^^^^^^^^^^^^^^^^^^^^^^^^^[0m
[31m[1m>[0m [90m170 |[0m [32m               
 className="font-display font-light text-[28px] 
md:text-[36px] text-[var(-...[0m
  [90m    |[0m [31m[1m^^^^^^^^^^^^^^^^^^^^^^^^
^^^^^^^^^^^^^^^^^^^^^^^^^^^^^^^^^^^^^^^^^^^^^^^^^^
^^^^^^^^^^^^^^^^^^[0m
[31m[1m>[0m [90m171 |[0m [32m              
>[0m
  [90m    |[0m [31m[1m^^^^^^^^^^^^^^^[0m
[31m[1m>[0m [90m172 |[0m [32m               
  +91 94440 45544[0m
  [90m    |[0m 
[31m[1m^^^^^^^^^^^^^^^^^^^^^^^^^^^^^^^^[0m
[31m[1m>[0m [90m173 |[0m [32m               
  <span className="block mt-1 w-0 h-px 
bg-[var(--color-red)] group-hover:w...[0m
  [90m    |[0m [31m[1m^^^^^^^^^^^^^^^^^^^^^^^^
^^^^^^^^^^^^^^^^^^^^^^^^^^^^^^^^^^^^^^^^^^^^^^^^^^
^^^^^^^^^^^^^^^^^^[0m
[31m[1m>[0m [90m174 |[0m [32m              
</a>[0m
  [90m    |[0m [31m[1m^^^^^^^^^^^^^^^^^^[0m
[31m[1m>[0m [90m175 |[0m [32m            
</div>[0m
  [90m    |[0m [31m[1m^^^^^^^^^^^^^^^^^^[0m
[31m[1m>[0m [90m176 |[0m
  [90m    |[0m [31m[1m^[0m
[31m[1m>[0m [90m177 |[0m [32m            
<div className="mt-4">[0m
  [90m    |[0m 
[31m[1m^^^^^^^^^^^^^^^^^^^^^^^^^^^^^^^^^^[0m
[31m[1m>[0m [90m178 |[0m [32m               
<a [0m
  [90m    |[0m [31m[1m^^^^^^^^^^^^^^^^^^[0m
[31m[1m>[0m [90m179 |[0m [32m               
 href="https://wa.me/919444045544" [0m
  [90m    |[0m [31m[1m^^^^^^^^^^^^^^^^^^^^^^^^
^^^^^^^^^^^^^^^^^^^^^^^^^^[0m
[31m[1m>[0m [90m180 |[0m [32m               
 target="_blank" rel="noopener noreferrer"[0m
  [90m    |[0m [31m[1m^^^^^^^^^^^^^^^^^^^^^^^^
^^^^^^^^^^^^^^^^^^^^^^^^^^^^^^^^^[0m
[31m[1m>[0m [90m181 |[0m [32m               
 className="inline-flex items-center gap-3 py-3 
px-6 bg-[rgba(37,211,102,0...[0m
  [90m    |[0m [31m[1m^^^^^^^^^^^^^^^^^^^^^^^^
^^^^^^^^^^^^^^^^^^^^^^^^^^^^^^^^^^^^^^^^^^^^^^^^^^
^^^^^^^^^^^^^^^^^^[0m
[31m[1m>[0m [90m182 |[0m [32m               
>[0m
  [90m    |[0m [31m[1m^^^^^^^^^^^^^^^^[0m
[31m[1m>[0m [90m183 |[0m [32m               
  <svg width="20" height="20" viewBox="0 0 24 24" 
fill="none" stroke="curr...[0m
  [90m    |[0m [31m[1m^^^^^^^^^^^^^^^^^^^^^^^^
^^^^^^^^^^^^^^^^^^^^^^^^^^^^^^^^^^^^^^^^^^^^^^^^^^
^^^^^^^^^^^^^^^^^^[0m
[31m[1m>[0m [90m184 |[0m [32m               
  Chat on WhatsApp[0m
  [90m    |[0m 
[31m[1m^^^^^^^^^^^^^^^^^^^^^^^^^^^^^^^^^[0m
[31m[1m>[0m [90m185 |[0m [32m               
</a>[0m
  [90m    |[0m [31m[1m^^^^^^^^^^^^^^^^^^^[0m
[31m[1m>[0m [90m186 |[0m [32m            
</div>[0m
  [90m    |[0m [31m[1m^^^^^^^^^^^^^^^^^^[0m
[31m[1m>[0m [90m187 |[0m [32m          
</div>[0m
  [90m    |[0m [31m[1m^^^^^^^^^^^^^^^^[0m
[31m[1m>[0m [90m188 |[0m [32m        
</div>[0m
  [90m    |[0m [31m[1m^^^^^^^^^^^^^^[0m
[31m[1m>[0m [90m189 |[0m [32m      
</div>[0m
  [90m    |[0m [31m[1m^^^^^^^^^^^^[0m
[31m[1m>[0m [90m190 |[0m [32m    
</section>[0m
  [90m    |[0m [31m[1m^^^^^^^^^^^^^^[0m
[31m[1m>[0m [90m191 |[0m [32m  )[0m
  [90m    |[0m [31m[1m^^^[0m
[31m[1m>[0m [90m192 |[0m [32m}[0m
  [90m    |[0m [31m[1m^[0m
[31m[1m>[0m [90m193 |[0m
  [90m    |[0m [31m[1m^[0m

Parsing ecmascript source code failed

Import trace:
  Server Component:
    ./src/components/QuoteForm.tsx
    ./src/app/page.tsx


./src/components/SmoothScroller.tsx:4:1
Module not found: Can't resolve 
'@studio-freight/react-lenis'
  [90m2 |[0m
  [90m3 |[0m [90m// @ts-expect-error lenis 
type definition discrepancy[0m
[31m[1m>[0m [90m4 |[0m [36mimport[0m { 
[33mReactLenis[0m } [36mfrom[0m 
[32m'@studio-freight/react-lenis'[0m
  [90m  |[0m [31m[1m^^^^^^^^^^^^^^^^^^^^^^^^^^
^^^^^^^^^^^^^^^^^^^^^^^^^^^^^^[0m
  [90m5 |[0m [36mimport[0m { 
[33mReactNode[0m, useEffect, useState } 
[36mfrom[0m [32m'react'[0m
  [90m6 |[0m
  [90m7 |[0m [36mexport[0m [36mdefault[0m 
[36mfunction[0m [33mSmoothScroller[0m({ 
children }: { children: [33mReactNode[0m }) {



Import trace:
  Server Component:
    ./src/components/SmoothScroller.tsx
    ./src/app/layout.tsx

https://nextjs.org/docs/messages/module-not-found


./src/components/SmoothScroller.tsx:5:1
Module not found: Can't resolve 
'@studio-freight/react-lenis'
  [90m3 |[0m [90m// @ts-expect-error lenis 
type definition discrepancy[0m
  [90m4 |[0m [36mimport[0m { c [36mas[0m _c 
} [36mfrom[0m [32m"react/compiler-runtime"[0m;
[31m[1m>[0m [90m5 |[0m [36mimport[0m { 
[33mReactLenis[0m } [36mfrom[0m 
[32m'@studio-freight/react-lenis'[0m;
  [90m  |[0m [31m[1m^^^^^^^^^^^^^^^^^^^^^^^^^^
^^^^^^^^^^^^^^^^^^^^^^^^^^^^^^^[0m
  [90m6 |[0m [36mimport[0m { 
[33mReactNode[0m, useEffect, useState } 
[36mfrom[0m [32m'react'[0m;
  [90m7 |[0m [36mexport[0m [36mdefault[0m 
[36mfunction[0m [33mSmoothScroller[0m(t0) {
  [90m8 |[0m   [36mconst[0m $ = 
_c([35m7[0m);



Import trace:
  Server Component:
    ./src/components/SmoothScroller.tsx
    ./src/app/layout.tsx

https://nextjs.org/docs/messages/module-not-found


    at <unknown> 
(./src/components/ClientsMarquee.tsx:68:1)
    at <unknown> 
(./src/components/Gallery.tsx:193:1)
    at <unknown> 
(./src/components/Testimonials.tsx:158:1)
    at <unknown> 
(./src/components/Footer.tsx:48:32)
    at <unknown> (./src/components/Hero.tsx:71:49)
    at <unknown> 
(./src/components/Navbar.tsx:33:21)
    at <unknown> 
(./src/components/Products.tsx:65:23)
    at <unknown> 
(./src/components/QuoteForm.tsx:131:27)
    at <unknown> 
(./src/components/SmoothScroller.tsx:4:1)
    at <unknown> (https://nextjs.org/docs/messages
/module-not-found)
    at <unknown> 
(./src/components/SmoothScroller.tsx:5:1)
    at <unknown> (https://nextjs.org/docs/messages
/module-not-found)
